<html>
<body>
<pre>
<h1>礦ision Build Log</h1>
<h2>Tool Versions:</h2>
IDE-Version: μVision V5.15
Copyright (C) 2015 ARM Ltd and ARM Germany GmbH. All rights reserved.
License Information:  ,  , LIC=LJW8T-RWZ8X-X9ZG0-BW2LW-XERBD-UKHKQ
 
Tool Versions:
Toolchain:       MDK-ARM Professional  Version: 5.15.0
Toolchain Path:  d:\Keil_v5\ARM\ARMCC\Bin
C Compiler:      Armcc.exe V5.05 update 2 (build 169)
Assembler:       Armasm.exe V5.05 update 2 (build 169)
Linker/Locator:  ArmLink.exe V5.05 update 2 (build 169)
Library Manager: ArmAr.exe V5.05 update 2 (build 169)
Hex Converter:   FromElf.exe V5.05 update 2 (build 169)
CPU DLL:         SARMCM3.DLL V5.15.0
Dialog DLL:      DCM.DLL V1.13.2.0
Target DLL:      CMSIS_AGDI.dll V1.21.12.0
Dialog DLL:      TCM.DLL V1.14.5.0
 
<h2>Project:</h2>
C:\Users\Shuo\Desktop\stm32程序\皮带集控\13--Fire_F103c8t6-FreeRTOS+1.44 spi tft + 软件定时器 + 串口 + 红外遥控 + ADC + iic存储 - 副本 - 副本\Project\RVMDK（uv5）\Fire_FreeRTOS.uvprojx
Project File Date:  04/22/2020

<h2>Output:</h2>
*** Using Compiler 'V5.05 update 2 (build 169)', folder: 'd:\Keil_v5\ARM\ARMCC\Bin'
Build target 'Fire_FreeRTOS'
compiling tasks.c...
linking...
Program Size: Code=25920 RO-data=316 RW-data=260 ZI-data=18820  
FromELF: creating hex file...
"..\..\Output\Fire_FreeRTOS.axf" - 0 Error(s), 0 Warning(s).

<h2>Collection of Component include folders:</h2>
  C:\Users\Shuo\Desktop\stm32程序\皮带集控\13--Fire_F103c8t6-FreeRTOS+1.44 spi tft + 软件定时器 + 串口 + 红外遥控 + ADC + iic存储 - 副本 - 副本\Project\RVMDK（uv5）\RTE
  d:\Keil_v5\ARM\PACK\Keil\STM32F1xx_DFP\1.1.0\Device\Include

<h2>Collection of Component Files used:</h2>
</pre>
</body>
</html>
