Component: ARM Compiler 5.05 update 2 (build 169) Tool: armlink [4d0f33]

==============================================================================

Section Cross References

    startup_stm32f10x_md.o(RESET) refers to startup_stm32f10x_md.o(STACK) for __initial_sp
    startup_stm32f10x_md.o(RESET) refers to startup_stm32f10x_md.o(.text) for Reset_Handler
    startup_stm32f10x_md.o(RESET) refers to stm32f10x_it.o(.text) for NMI_Handler
    startup_stm32f10x_md.o(RESET) refers to port.o(.emb_text) for SVC_Handler
    startup_stm32f10x_md.o(RESET) refers to bsp_generaltim.o(.text) for TIM4_IRQHandler
    startup_stm32f10x_md.o(RESET) refers to bsp_usart1.o(.text) for USART1_IRQHandler
    startup_stm32f10x_md.o(RESET) refers to bsp_usart2.o(.text) for USART2_IRQHandler
    startup_stm32f10x_md.o(.text) refers to system_stm32f10x.o(.text) for SystemInit
    startup_stm32f10x_md.o(.text) refers to entry.o(.ARM.Collect$$$$00000000) for __main
    system_stm32f10x.o(.text) refers to system_stm32f10x.o(.data) for .data
    stm32f10x_adc.o(.text) refers to stm32f10x_rcc.o(.text) for RCC_APB2PeriphResetCmd
    stm32f10x_bkp.o(.text) refers to stm32f10x_rcc.o(.text) for RCC_BackupResetCmd
    stm32f10x_can.o(.text) refers to stm32f10x_rcc.o(.text) for RCC_APB1PeriphResetCmd
    stm32f10x_cec.o(.text) refers to stm32f10x_rcc.o(.text) for RCC_APB1PeriphResetCmd
    stm32f10x_dac.o(.text) refers to stm32f10x_rcc.o(.text) for RCC_APB1PeriphResetCmd
    stm32f10x_gpio.o(.text) refers to stm32f10x_rcc.o(.text) for RCC_APB2PeriphResetCmd
    stm32f10x_i2c.o(.text) refers to stm32f10x_rcc.o(.text) for RCC_APB1PeriphResetCmd
    stm32f10x_pwr.o(.text) refers to stm32f10x_rcc.o(.text) for RCC_APB1PeriphResetCmd
    stm32f10x_rcc.o(.text) refers to stm32f10x_rcc.o(.data) for .data
    stm32f10x_spi.o(.text) refers to stm32f10x_rcc.o(.text) for RCC_APB2PeriphResetCmd
    stm32f10x_tim.o(.text) refers to stm32f10x_rcc.o(.text) for RCC_APB1PeriphResetCmd
    stm32f10x_usart.o(.text) refers to stm32f10x_rcc.o(.text) for RCC_APB2PeriphResetCmd
    stm32f10x_wwdg.o(.text) refers to stm32f10x_rcc.o(.text) for RCC_APB1PeriphResetCmd
    main.o(.text) refers to tasks.o(.text) for kaiguan_task
    main.o(.text) refers to tasks_1.o(.text) for vTaskDelay
    main.o(.text) refers to port.o(.text) for vPortEnterCritical
    main.o(.text) refers to timers.o(.text) for xTimerCreate
    main.o(.text) refers to system_stm32f10x.o(.text) for SystemInit
    main.o(.text) refers to misc.o(.text) for NVIC_PriorityGroupConfig
    main.o(.text) refers to delay.o(.text) for delay_init
    main.o(.text) refers to bsp_led.o(.text) for LED_GPIO_Config
    main.o(.text) refers to bsp_key.o(.text) for Key_GPIO_Config
    main.o(.text) refers to bsp_usart1.o(.text) for USART1_Config
    main.o(.text) refers to bsp_usart2.o(.text) for USART2_Config
    main.o(.text) refers to bsp_generaltim.o(.text) for ADVANCE_TIM_Init
    main.o(.text) refers to bsp_adc.o(.text) for ADCx_Init
    main.o(.text) refers to queue.o(.text) for xQueueGenericCreate
    main.o(.text) refers to tasks.o(.data) for yunxing_zhuangtai
    main.o(.text) refers to main.o(.data) for .data
    stm32f10x_it.o(.text) refers to tasks_1.o(.text) for xTaskGetSchedulerState
    stm32f10x_it.o(.text) refers to port.o(.text) for xPortSysTickHandler
    bsp_led.o(.text) refers to stm32f10x_rcc.o(.text) for RCC_APB2PeriphClockCmd
    bsp_led.o(.text) refers to stm32f10x_gpio.o(.text) for GPIO_Init
    bsp_key.o(.text) refers to stm32f10x_rcc.o(.text) for RCC_APB2PeriphClockCmd
    bsp_key.o(.text) refers to stm32f10x_gpio.o(.text) for GPIO_Init
    bsp_key.o(.text) refers to tasks_1.o(.text) for vTaskDelay
    delay.o(.text) refers to misc.o(.text) for SysTick_CLKSourceConfig
    delay.o(.text) refers to delay.o(.data) for .data
    sys.o(.text) refers to sys.o(.emb_text) for WFI_SET
    tasks.o(.text) refers to bsp_key.o(.text) for Key_Scan_High
    tasks.o(.text) refers to bsp_usart2.o(.text) for HMISends
    tasks.o(.text) refers to tasks_1.o(.text) for vTaskDelay
    tasks.o(.text) refers to timers.o(.text) for xTimerGenericCommand
    tasks.o(.text) refers to tasks.o(.data) for .data
    tasks.o(.text) refers to printf8.o(i.__0sprintf$8) for __2sprintf
    tasks.o(.text) refers to strcat.o(.text) for strcat
    tasks.o(.text) refers to bsp_usart1.o(.text) for Usart_SendString
    tasks.o(.text) refers to dfltui.o(.text) for __aeabi_ui2d
    tasks.o(.text) refers to cdrcmple.o(.text) for __aeabi_cdrcmple
    tasks.o(.text) refers to cdcmple.o(.text) for __aeabi_cdcmple
    tasks.o(.text) refers to ffltui.o(.text) for __aeabi_ui2f
    tasks.o(.text) refers to fscalb.o(.text) for __ARM_scalbnf
    tasks.o(.text) refers to f2d.o(.text) for __aeabi_f2d
    tasks.o(.text) refers to dmul.o(.text) for __aeabi_dmul
    tasks.o(.text) refers to d2f.o(.text) for __aeabi_d2f
    tasks.o(.text) refers to fmul.o(.text) for __aeabi_fmul
    tasks.o(.text) refers to ffixui.o(.text) for __aeabi_f2uiz
[...]
    ..\..\FreeRTOS\src\event_groups.c        0x00000000   Number         0  event_groups.o ABSOLUTE
    ..\..\FreeRTOS\src\list.c                0x00000000   Number         0  list.o ABSOLUTE
    ..\..\FreeRTOS\src\queue.c               0x00000000   Number         0  queue.o ABSOLUTE
    ..\..\FreeRTOS\src\tasks.c               0x00000000   Number         0  tasks_1.o ABSOLUTE
    ..\..\FreeRTOS\src\timers.c              0x00000000   Number         0  timers.o ABSOLUTE
    ..\..\Libraries\CMSIS\core_cm3.c         0x00000000   Number         0  core_cm3.o ABSOLUTE
    ..\..\Libraries\CMSIS\startup\startup_stm32f10x_md.s 0x00000000   Number         0  startup_stm32f10x_md.o ABSOLUTE
    ..\..\Libraries\CMSIS\system_stm32f10x.c 0x00000000   Number         0  system_stm32f10x.o ABSOLUTE
    ..\..\Libraries\FWlib\src\misc.c         0x00000000   Number         0  misc.o ABSOLUTE
    ..\..\Libraries\FWlib\src\stm32f10x_adc.c 0x00000000   Number         0  stm32f10x_adc.o ABSOLUTE
    ..\..\Libraries\FWlib\src\stm32f10x_bkp.c 0x00000000   Number         0  stm32f10x_bkp.o ABSOLUTE
    ..\..\Libraries\FWlib\src\stm32f10x_can.c 0x00000000   Number         0  stm32f10x_can.o ABSOLUTE
    ..\..\Libraries\FWlib\src\stm32f10x_cec.c 0x00000000   Number         0  stm32f10x_cec.o ABSOLUTE
    ..\..\Libraries\FWlib\src\stm32f10x_crc.c 0x00000000   Number         0  stm32f10x_crc.o ABSOLUTE
    ..\..\Libraries\FWlib\src\stm32f10x_dac.c 0x00000000   Number         0  stm32f10x_dac.o ABSOLUTE
    ..\..\Libraries\FWlib\src\stm32f10x_dbgmcu.c 0x00000000   Number         0  stm32f10x_dbgmcu.o ABSOLUTE
    ..\..\Libraries\FWlib\src\stm32f10x_dma.c 0x00000000   Number         0  stm32f10x_dma.o ABSOLUTE
    ..\..\Libraries\FWlib\src\stm32f10x_exti.c 0x00000000   Number         0  stm32f10x_exti.o ABSOLUTE
    ..\..\Libraries\FWlib\src\stm32f10x_flash.c 0x00000000   Number         0  stm32f10x_flash.o ABSOLUTE
    ..\..\Libraries\FWlib\src\stm32f10x_fsmc.c 0x00000000   Number         0  stm32f10x_fsmc.o ABSOLUTE
    ..\..\Libraries\FWlib\src\stm32f10x_gpio.c 0x00000000   Number         0  stm32f10x_gpio.o ABSOLUTE
    ..\..\Libraries\FWlib\src\stm32f10x_i2c.c 0x00000000   Number         0  stm32f10x_i2c.o ABSOLUTE
    ..\..\Libraries\FWlib\src\stm32f10x_iwdg.c 0x00000000   Number         0  stm32f10x_iwdg.o ABSOLUTE
    ..\..\Libraries\FWlib\src\stm32f10x_pwr.c 0x00000000   Number         0  stm32f10x_pwr.o ABSOLUTE
    ..\..\Libraries\FWlib\src\stm32f10x_rcc.c 0x00000000   Number         0  stm32f10x_rcc.o ABSOLUTE
    ..\..\Libraries\FWlib\src\stm32f10x_rtc.c 0x00000000   Number         0  stm32f10x_rtc.o ABSOLUTE
    ..\..\Libraries\FWlib\src\stm32f10x_sdio.c 0x00000000   Number         0  stm32f10x_sdio.o ABSOLUTE
    ..\..\Libraries\FWlib\src\stm32f10x_spi.c 0x00000000   Number         0  stm32f10x_spi.o ABSOLUTE
    ..\..\Libraries\FWlib\src\stm32f10x_tim.c 0x00000000   Number         0  stm32f10x_tim.o ABSOLUTE
    ..\..\Libraries\FWlib\src\stm32f10x_usart.c 0x00000000   Number         0  stm32f10x_usart.o ABSOLUTE
    ..\..\Libraries\FWlib\src\stm32f10x_wwdg.c 0x00000000   Number         0  stm32f10x_wwdg.o ABSOLUTE
    ..\..\User\Key\bsp_key.c                 0x00000000   Number         0  bsp_key.o ABSOLUTE
    ..\..\User\Led\bsp_led.c                 0x00000000   Number         0  bsp_led.o ABSOLUTE
    ..\..\User\adc\bsp_adc.c                 0x00000000   Number         0  bsp_adc.o ABSOLUTE
    ..\..\User\data_process\data_process.c   0x00000000   Number         0  data_process.o ABSOLUTE
    ..\..\User\delay\delay.c                 0x00000000   Number         0  delay.o ABSOLUTE
    ..\..\User\generalTim\bsp_GeneralTim.c   0x00000000   Number         0  bsp_generaltim.o ABSOLUTE
    ..\..\User\i2c\bsp_i2c_ee.c              0x00000000   Number         0  bsp_i2c_ee.o ABSOLUTE
    ..\..\User\i2c\bsp_i2c_gpio.c            0x00000000   Number         0  bsp_i2c_gpio.o ABSOLUTE
    ..\..\User\main.c                        0x00000000   Number         0  main.o ABSOLUTE
    ..\..\User\stm32f10x_it.c                0x00000000   Number         0  stm32f10x_it.o ABSOLUTE
    ..\..\User\sys\sys.c                     0x00000000   Number         0  sys.o ABSOLUTE
    ..\..\User\tasks.c                       0x00000000   Number         0  tasks.o ABSOLUTE
    ..\..\User\usart\bsp_usart1.c            0x00000000   Number         0  bsp_usart1.o ABSOLUTE
    ..\..\User\usart\bsp_usart2.c            0x00000000   Number         0  bsp_usart2.o ABSOLUTE
    ..\\..\\FreeRTOS\\port\\RVDS\\ARM_CM3\\port.c 0x00000000   Number         0  port.o ABSOLUTE
    ..\\..\\Libraries\\CMSIS\\core_cm3.c     0x00000000   Number         0  core_cm3.o ABSOLUTE
    ..\\..\\User\\sys\\sys.c                 0x00000000   Number         0  sys.o ABSOLUTE
    cdcmple.s                                0x00000000   Number         0  cdcmple.o ABSOLUTE
    cdrcmple.s                               0x00000000   Number         0  cdrcmple.o ABSOLUTE
    dc.s                                     0x00000000   Number         0  dc.o ABSOLUTE
    handlers.s                               0x00000000   Number         0  handlers.o ABSOLUTE
    init.s                                   0x00000000   Number         0  init.o ABSOLUTE
    RESET                                    0x08000000   Section      236  startup_stm32f10x_md.o(RESET)
    .ARM.Collect$$$$00000000                 0x080000ec   Section        0  entry.o(.ARM.Collect$$$$00000000)
    .ARM.Collect$$$$00000001                 0x080000ec   Section        4  entry2.o(.ARM.Collect$$$$00000001)
    .ARM.Collect$$$$00000004                 0x080000f0   Section        4  entry5.o(.ARM.Collect$$$$00000004)
    .ARM.Collect$$$$00000008                 0x080000f4   Section        0  entry7b.o(.ARM.Collect$$$$00000008)
    .ARM.Collect$$$$0000000A                 0x080000f4   Section        0  entry8b.o(.ARM.Collect$$$$0000000A)
    .ARM.Collect$$$$0000000B                 0x080000f4   Section        8  entry9a.o(.ARM.Collect$$$$0000000B)
    .ARM.Collect$$$$0000000D                 0x080000fc   Section        0  entry10a.o(.ARM.Collect$$$$0000000D)
    .ARM.Collect$$$$0000000F                 0x080000fc   Section        0  entry11a.o(.ARM.Collect$$$$0000000F)
    .ARM.Collect$$$$00002712                 0x080000fc   Section        4  entry2.o(.ARM.Collect$$$$00002712)
    __lit__00000000                          0x080000fc   Data           4  entry2.o(.ARM.Collect$$$$00002712)
    .emb_text                                0x08000100   Section      150  port.o(.emb_text)
    .text                                    0x08000198   Section       36  startup_stm32f10x_md.o(.text)
    .text                                    0x080001bc   Section        0  system_stm32f10x.o(.text)
    SetSysClockTo72                          0x080001bd   Thumb Code   160  system_stm32f10x.o(.text)
    .text                                    0x08000314   Section        0  misc.o(.text)
    .text                                    0x080003c4   Section        0  stm32f10x_adc.o(.text)
    .text                                    0x080006f4   Section        0  stm32f10x_dma.o(.text)
    .text                                    0x080008bc   Section        0  stm32f10x_gpio.o(.text)
    .text                                    0x08000b20   Section        0  stm32f10x_rcc.o(.text)
    .text                                    0x08000dd8   Section        0  stm32f10x_tim.o(.text)
    TI2_Config                               0x0800116b   Thumb Code   166  stm32f10x_tim.o(.text)
    TI1_Config                               0x08001221   Thumb Code    88  stm32f10x_tim.o(.text)
    .text                                    0x080018c8   Section        0  stm32f10x_usart.o(.text)
    .text                                    0x08001bf0   Section        0  main.o(.text)
    Swtmr1_Callback                          0x08001bf1   Thumb Code     8  main.o(.text)
    Kaiguan_Task                             0x08001bf9   Thumb Code    12  main.o(.text)
    Zhuangtai_Task                           0x08001c05   Thumb Code    12  main.o(.text)
    Diandong_Task                            0x08001c11   Thumb Code    12  main.o(.text)
    ADC_Task                                 0x08001c1d   Thumb Code    28  main.o(.text)
    Jiting_Task                              0x08001c39   Thumb Code    12  main.o(.text)
    Main_Task                                0x08001c45   Thumb Code    12  main.o(.text)
    AppTaskCreate                            0x08001c51   Thumb Code   172  main.o(.text)
    .text                                    0x08001e0c   Section        0  stm32f10x_it.o(.text)
    .text                                    0x08001e2c   Section        0  bsp_led.o(.text)
    .text                                    0x08001ef8   Section        0  bsp_key.o(.text)
    .text                                    0x08002090   Section        0  delay.o(.text)
    .text                                    0x08002104   Section        0  tasks.o(.text)
    .text                                    0x08002c40   Section        0  bsp_adc.o(.text)
    ADCx_Mode_Config                         0x08002c41   Thumb Code   212  bsp_adc.o(.text)
    .text                                    0x08002d48   Section        0  bsp_usart1.o(.text)
    .text                                    0x08003008   Section        0  bsp_usart2.o(.text)
    .text                                    0x08003260   Section        0  data_process.o(.text)
    .text                                    0x08003848   Section        0  bsp_generaltim.o(.text)
    ADVANCE_TIM_Mode_Config                  0x080038e9   Thumb Code   132  bsp_generaltim.o(.text)
    .text                                    0x080039ac   Section        0  list.o(.text)
    .text                                    0x08003a34   Section        0  queue.o(.text)
    prvUnlockQueue                           0x08003af9   Thumb Code   106  queue.o(.text)
    prvCopyDataToQueue                       0x08003b63   Thumb Code    90  queue.o(.text)
    prvCopyDataFromQueue                     0x08003e79   Thumb Code    38  queue.o(.text)
    prvIsQueueEmpty                          0x0800426b   Thumb Code    26  queue.o(.text)
    .text                                    0x0800428c   Section        0  tasks_1.o(.text)
    prvAddNewTaskToReadyList                 0x0800428d   Thumb Code   190  tasks_1.o(.text)
    prvAddCurrentTaskToDelayedList           0x080045ab   Thumb Code   102  tasks_1.o(.text)
    prvTaskIsTaskSuspended                   0x08004957   Thumb Code    48  tasks_1.o(.text)
    prvIdleTask                              0x08004a79   Thumb Code    30  tasks_1.o(.text)
    prvInitialiseNewTask                     0x0800511f   Thumb Code   136  tasks_1.o(.text)
    prvResetNextTaskUnblockTime              0x080051a7   Thumb Code    26  tasks_1.o(.text)
    prvDeleteTCB                             0x080051c1   Thumb Code    20  tasks_1.o(.text)
    prvCheckTasksWaitingTermination          0x080051d5   Thumb Code    76  tasks_1.o(.text)
    .text                                    0x0800525c   Section        0  timers.o(.text)
    prvInsertTimerInActiveList               0x0800525d   Thumb Code    52  timers.o(.text)
    prvProcessReceivedCommands               0x080052f1   Thumb Code   182  timers.o(.text)
    prvTimerTask                             0x080053a7   Thumb Code    34  timers.o(.text)
    prvCheckForValidListAndQueue             0x080053c9   Thumb Code    62  timers.o(.text)
    prvSampleTimeNow                         0x0800554f   Thumb Code    36  timers.o(.text)
    prvProcessTimerOrBlockTask               0x08005573   Thumb Code    98  timers.o(.text)
    prvSwitchTimerLists                      0x080055d5   Thumb Code    98  timers.o(.text)
    prvProcessExpiredTimer                   0x08005637   Thumb Code   210  timers.o(.text)
    .text                                    0x08005708   Section        0  heap_4.o(.text)
    prvInsertBlockIntoFreeList               0x08005709   Thumb Code    72  heap_4.o(.text)
    prvHeapInit                              0x08005899   Thumb Code    66  heap_4.o(.text)
    .text                                    0x0800591c   Section        0  port.o(.text)
    prvTaskExitError                         0x0800591d   Thumb Code    34  port.o(.text)
    .text                                    0x08005b10   Section        0  memcpya.o(.text)
    .text                                    0x08005b34   Section        0  memseta.o(.text)
    .text                                    0x08005b58   Section        0  strcat.o(.text)
    .text                                    0x08005b70   Section        0  fmul.o(.text)
    .text                                    0x08005bd4   Section        0  fdiv.o(.text)
    .text                                    0x08005c50   Section        0  fscalb.o(.text)
    .text                                    0x08005c68   Section        0  dmul.o(.text)
    .text                                    0x08005d4c   Section        0  ddiv.o(.text)
    .text                                    0x08005e2a   Section        0  ffltui.o(.text)
    .text                                    0x08005e34   Section        0  dfltui.o(.text)
    .text                                    0x08005e4e   Section        0  ffixui.o(.text)
    .text                                    0x08005e76   Section        0  dfixui.o(.text)
    .text                                    0x08005ea8   Section        0  f2d.o(.text)
    .text                                    0x08005ed0   Section       48  cdcmple.o(.text)
    .text                                    0x08005f00   Section       48  cdrcmple.o(.text)
    .text                                    0x08005f30   Section        0  d2f.o(.text)
    .text                                    0x08005f68   Section        0  uldiv.o(.text)
    .text                                    0x08005fca   Section        0  llushr.o(.text)
    .text                                    0x08005fea   Section        0  fepilogue.o(.text)
    .text                                    0x08005fea   Section        0  iusefp.o(.text)
    .text                                    0x08006058   Section        0  depilogue.o(.text)
    .text                                    0x08006114   Section       36  init.o(.text)
    .text                                    0x08006138   Section        0  llshl.o(.text)
    i.__0printf$8                            0x08006158   Section        0  printf8.o(i.__0printf$8)
    i.__0sprintf$8                           0x08006178   Section        0  printf8.o(i.__0sprintf$8)
    i.__scatterload_copy                     0x080061a0   Section       14  handlers.o(i.__scatterload_copy)
    i.__scatterload_null                     0x080061ae   Section        2  handlers.o(i.__scatterload_null)
    i.__scatterload_zeroinit                 0x080061b0   Section       14  handlers.o(i.__scatterload_zeroinit)
    i._printf_core                           0x080061c0   Section        0  printf8.o(i._printf_core)
    _printf_core                             0x080061c1   Thumb Code   996  printf8.o(i._printf_core)
    i._printf_post_padding                   0x080065d0   Section        0  printf8.o(i._printf_post_padding)
    _printf_post_padding                     0x080065d1   Thumb Code    36  printf8.o(i._printf_post_padding)
    i._printf_pre_padding                    0x080065f4   Section        0  printf8.o(i._printf_pre_padding)
    _printf_pre_padding                      0x080065f5   Thumb Code    46  printf8.o(i._printf_pre_padding)
    i._sputc                                 0x08006622   Section        0  printf8.o(i._sputc)
    _sputc                                   0x08006623   Thumb Code    10  printf8.o(i._sputc)
    .constdata                               0x0800662c   Section       47  tasks.o(.constdata)
    .data                                    0x20000000   Section       20  system_stm32f10x.o(.data)
    .data                                    0x20000014   Section       20  stm32f10x_rcc.o(.data)
    ADCPrescTable                            0x20000014   Data           4  stm32f10x_rcc.o(.data)
    APBAHBPrescTable                         0x20000018   Data          16  stm32f10x_rcc.o(.data)
    .data                                    0x20000028   Section       32  main.o(.data)
    AppTaskCreate_Handle                     0x20000028   Data           4  main.o(.data)
    Jiting_Task_Handle                       0x2000002c   Data           4  main.o(.data)
    Main_Task_Handle                         0x20000030   Data           4  main.o(.data)
    ADC_Task_Handle                          0x20000034   Data           4  main.o(.data)
    Diandong_Task_Handle                     0x20000038   Data           4  main.o(.data)
    Kaiguan_Task_Handle                      0x2000003c   Data           4  main.o(.data)
    Zhuangtai_Task_Handle                    0x20000040   Data           4  main.o(.data)
    .data                                    0x20000048   Section        4  delay.o(.data)
    fac_us                                   0x20000048   Data           1  delay.o(.data)
    fac_ms                                   0x2000004a   Data           2  delay.o(.data)
    .data                                    0x2000004c   Section       52  tasks.o(.data)
    .data                                    0x20000080   Section        1  tasks.o(.data)
    .data                                    0x20000082   Section        4  bsp_adc.o(.data)
    .data                                    0x20000086   Section        4  bsp_generaltim.o(.data)
    .data                                    0x2000008c   Section       60  tasks_1.o(.data)
    uxDeletedTasksWaitingCleanUp             0x20000090   Data           4  tasks_1.o(.data)
    uxCurrentNumberOfTasks                   0x20000094   Data           4  tasks_1.o(.data)
    xTickCount                               0x20000098   Data           4  tasks_1.o(.data)
    uxTopReadyPriority                       0x2000009c   Data           4  tasks_1.o(.data)
    xSchedulerRunning                        0x200000a0   Data           4  tasks_1.o(.data)
    uxPendedTicks                            0x200000a4   Data           4  tasks_1.o(.data)
    xYieldPending                            0x200000a8   Data           4  tasks_1.o(.data)
    xNumOfOverflows                          0x200000ac   Data           4  tasks_1.o(.data)
    uxTaskNumber                             0x200000b0   Data           4  tasks_1.o(.data)
    xNextTaskUnblockTime                     0x200000b4   Data           4  tasks_1.o(.data)
    xIdleTaskHandle                          0x200000b8   Data           4  tasks_1.o(.data)
    uxSchedulerSuspended                     0x200000bc   Data           4  tasks_1.o(.data)
    pxDelayedTaskList                        0x200000c0   Data           4  tasks_1.o(.data)
    pxOverflowDelayedTaskList                0x200000c4   Data           4  tasks_1.o(.data)
    .data                                    0x200000c8   Section       20  timers.o(.data)
    xTimerQueue                              0x200000c8   Data           4  timers.o(.data)
    xTimerTaskHandle                         0x200000cc   Data           4  timers.o(.data)
    xLastTime                                0x200000d0   Data           4  timers.o(.data)
    pxCurrentTimerList                       0x200000d4   Data           4  timers.o(.data)
    pxOverflowTimerList                      0x200000d8   Data           4  timers.o(.data)
    .data                                    0x200000dc   Section       24  heap_4.o(.data)
    pxEnd                                    0x200000dc   Data           4  heap_4.o(.data)
    xFreeBytesRemaining                      0x200000e0   Data           4  heap_4.o(.data)
    xMinimumEverFreeBytesRemaining           0x200000e4   Data           4  heap_4.o(.data)
    xBlockAllocatedBit                       0x200000e8   Data           4  heap_4.o(.data)
    xStart                                   0x200000ec   Data           8  heap_4.o(.data)
    .data                                    0x200000f4   Section       12  port.o(.data)
    ucMaxSysCallPriority                     0x200000f4   Data           1  port.o(.data)
    uxCriticalNesting                        0x200000f8   Data           4  port.o(.data)
    ulMaxPRIGROUPValue                       0x200000fc   Data           4  port.o(.data)
    .data                                    0x20000100   Section        4  stdout.o(.data)
    .bss                                     0x20000104   Section      275  bsp_usart1.o(.bss)
    .bss                                     0x20000217   Section      275  bsp_usart2.o(.bss)
    .bss                                     0x2000032c   Section       80  queue.o(.bss)
    .bss                                     0x2000037c   Section      740  tasks_1.o(.bss)
    pxReadyTasksLists                        0x2000037c   Data         640  tasks_1.o(.bss)
    xDelayedTaskList1                        0x200005fc   Data          20  tasks_1.o(.bss)
    xDelayedTaskList2                        0x20000610   Data          20  tasks_1.o(.bss)
    xPendingReadyList                        0x20000624   Data          20  tasks_1.o(.bss)
    xTasksWaitingTermination                 0x20000638   Data          20  tasks_1.o(.bss)
    xSuspendedTaskList                       0x2000064c   Data          20  tasks_1.o(.bss)
    .bss                                     0x20000660   Section       40  timers.o(.bss)
    xActiveTimerList1                        0x20000660   Data          20  timers.o(.bss)
    xActiveTimerList2                        0x20000674   Data          20  timers.o(.bss)
    .bss                                     0x20000688   Section    16384  heap_4.o(.bss)
    ucHeap                                   0x20000688   Data       16384  heap_4.o(.bss)
    STACK                                    0x20004688   Section     1024  startup_stm32f10x_md.o(STACK)

    Global Symbols

    Symbol Name                              Value     Ov Type        Size  Object(Section)

    BuildAttributes$$THM_ISAv4$P$D$K$B$S$PE$A:L22UL41UL21$X:L11$S22US41US21$IEEE1$IW$USESV6$~STKCKD$USESV7$~SHL$OTIME$ROPI$EBA8$MICROLIB$REQ8$PRES8$EABIv2 0x00000000   Number         0  anon$$obj.o ABSOLUTE
    __ARM_use_no_argv                        0x00000000   Number         0  main.o ABSOLUTE
    _printf_a                                0x00000000   Number         0  stubs.o ABSOLUTE
    _printf_c                                0x00000000   Number         0  stubs.o ABSOLUTE
    _printf_charcount                        0x00000000   Number         0  stubs.o ABSOLUTE
    _printf_d                                0x00000000   Number         0  stubs.o ABSOLUTE
    _printf_e                                0x00000000   Number         0  stubs.o ABSOLUTE
    _printf_f                                0x00000000   Number         0  stubs.o ABSOLUTE
    _printf_flags                            0x00000000   Number         0  stubs.o ABSOLUTE
    _printf_fp_dec                           0x00000000   Number         0  stubs.o ABSOLUTE
    _printf_fp_hex                           0x00000000   Number         0  stubs.o ABSOLUTE
    _printf_g                                0x00000000   Number         0  stubs.o ABSOLUTE
    _printf_i                                0x00000000   Number         0  stubs.o ABSOLUTE
    _printf_int_dec                          0x00000000   Number         0  stubs.o ABSOLUTE
    _printf_l                                0x00000000   Number         0  stubs.o ABSOLUTE
    _printf_lc                               0x00000000   Number         0  stubs.o ABSOLUTE
    _printf_ll                               0x00000000   Number         0  stubs.o ABSOLUTE
    _printf_lld                              0x00000000   Number         0  stubs.o ABSOLUTE
    _printf_lli                              0x00000000   Number         0  stubs.o ABSOLUTE
    _printf_llo                              0x00000000   Number         0  stubs.o ABSOLUTE
    _printf_llu                              0x00000000   Number         0  stubs.o ABSOLUTE
    _printf_llx                              0x00000000   Number         0  stubs.o ABSOLUTE
    _printf_longlong_dec                     0x00000000   Number         0  stubs.o ABSOLUTE
    _printf_longlong_hex                     0x00000000   Number         0  stubs.o ABSOLUTE
    _printf_longlong_oct                     0x00000000   Number         0  stubs.o ABSOLUTE
    _printf_ls                               0x00000000   Number         0  stubs.o ABSOLUTE
    _printf_mbtowc                           0x00000000   Number         0  stubs.o ABSOLUTE
    _printf_n                                0x00000000   Number         0  stubs.o ABSOLUTE
    _printf_o                                0x00000000   Number         0  stubs.o ABSOLUTE
    _printf_p                                0x00000000   Number         0  stubs.o ABSOLUTE
    _printf_percent                          0x00000000   Number         0  stubs.o ABSOLUTE
    _printf_pre_padding                      0x00000000   Number         0  stubs.o ABSOLUTE
    _printf_return_value                     0x00000000   Number         0  stubs.o ABSOLUTE
    _printf_s                                0x00000000   Number         0  stubs.o ABSOLUTE
    _printf_sizespec                         0x00000000   Number         0  stubs.o ABSOLUTE
    _printf_str                              0x00000000   Number         0  stubs.o ABSOLUTE
    _printf_truncate_signed                  0x00000000   Number         0  stubs.o ABSOLUTE
    _printf_truncate_unsigned                0x00000000   Number         0  stubs.o ABSOLUTE
    _printf_u                                0x00000000   Number         0  stubs.o ABSOLUTE
    _printf_wc                               0x00000000   Number         0  stubs.o ABSOLUTE
    _printf_wctomb                           0x00000000   Number         0  stubs.o ABSOLUTE
    _printf_widthprec                        0x00000000   Number         0  stubs.o ABSOLUTE
    _printf_x                                0x00000000   Number         0  stubs.o ABSOLUTE
    __cpp_initialize__aeabi_                  - Undefined Weak Reference
    __cxa_finalize                            - Undefined Weak Reference
    __decompress                              - Undefined Weak Reference
    _clock_init                               - Undefined Weak Reference
    _microlib_exit                            - Undefined Weak Reference
    __Vectors_Size                           0x000000ec   Number         0  startup_stm32f10x_md.o ABSOLUTE
    __Vectors                                0x08000000   Data           4  startup_stm32f10x_md.o(RESET)
    __Vectors_End                            0x080000ec   Data           0  startup_stm32f10x_md.o(RESET)
    __main                                   0x080000ed   Thumb Code     0  entry.o(.ARM.Collect$$$$00000000)
    _main_stk                                0x080000ed   Thumb Code     0  entry2.o(.ARM.Collect$$$$00000001)
    _main_scatterload                        0x080000f1   Thumb Code     0  entry5.o(.ARM.Collect$$$$00000004)
    __main_after_scatterload                 0x080000f5   Thumb Code     0  entry5.o(.ARM.Collect$$$$00000004)
    _main_clock                              0x080000f5   Thumb Code     0  entry7b.o(.ARM.Collect$$$$00000008)
    _main_cpp_init                           0x080000f5   Thumb Code     0  entry8b.o(.ARM.Collect$$$$0000000A)
    _main_init                               0x080000f5   Thumb Code     0  entry9a.o(.ARM.Collect$$$$0000000B)
    __rt_final_cpp                           0x080000fd   Thumb Code     0  entry10a.o(.ARM.Collect$$$$0000000D)
    __rt_final_exit                          0x080000fd   Thumb Code     0  entry11a.o(.ARM.Collect$$$$0000000F)
    SVC_Handler                              0x08000101   Thumb Code    32  port.o(.emb_text)
    __asm___6_port_c_39a90d8d__prvStartFirstTask 0x08000125   Thumb Code    28  port.o(.emb_text)
    PendSV_Handler                           0x08000145   Thumb Code    72  port.o(.emb_text)
    vPortGetIPSR                             0x08000191   Thumb Code     6  port.o(.emb_text)
    Reset_Handler                            0x08000199   Thumb Code     8  startup_stm32f10x_md.o(.text)
    ADC1_2_IRQHandler                        0x080001b3   Thumb Code     0  startup_stm32f10x_md.o(.text)
    CAN1_RX1_IRQHandler                      0x080001b3   Thumb Code     0  startup_stm32f10x_md.o(.text)
    CAN1_SCE_IRQHandler                      0x080001b3   Thumb Code     0  startup_stm32f10x_md.o(.text)
    DMA1_Channel1_IRQHandler                 0x080001b3   Thumb Code     0  startup_stm32f10x_md.o(.text)
    DMA1_Channel2_IRQHandler                 0x080001b3   Thumb Code     0  startup_stm32f10x_md.o(.text)
    DMA1_Channel3_IRQHandler                 0x080001b3   Thumb Code     0  startup_stm32f10x_md.o(.text)
    DMA1_Channel4_IRQHandler                 0x080001b3   Thumb Code     0  startup_stm32f10x_md.o(.text)
    DMA1_Channel5_IRQHandler                 0x080001b3   Thumb Code     0  startup_stm32f10x_md.o(.text)
    DMA1_Channel6_IRQHandler                 0x080001b3   Thumb Code     0  startup_stm32f10x_md.o(.text)
    DMA1_Channel7_IRQHandler                 0x080001b3   Thumb Code     0  startup_stm32f10x_md.o(.text)
    EXTI0_IRQHandler                         0x080001b3   Thumb Code     0  startup_stm32f10x_md.o(.text)
    EXTI15_10_IRQHandler                     0x080001b3   Thumb Code     0  startup_stm32f10x_md.o(.text)
    EXTI1_IRQHandler                         0x080001b3   Thumb Code     0  startup_stm32f10x_md.o(.text)
    EXTI2_IRQHandler                         0x080001b3   Thumb Code     0  startup_stm32f10x_md.o(.text)
    EXTI3_IRQHandler                         0x080001b3   Thumb Code     0  startup_stm32f10x_md.o(.text)
    EXTI4_IRQHandler                         0x080001b3   Thumb Code     0  startup_stm32f10x_md.o(.text)
    EXTI9_5_IRQHandler                       0x080001b3   Thumb Code     0  startup_stm32f10x_md.o(.text)
    FLASH_IRQHandler                         0x080001b3   Thumb Code     0  startup_stm32f10x_md.o(.text)
    I2C1_ER_IRQHandler                       0x080001b3   Thumb Code     0  startup_stm32f10x_md.o(.text)
    I2C1_EV_IRQHandler                       0x080001b3   Thumb Code     0  startup_stm32f10x_md.o(.text)
    I2C2_ER_IRQHandler                       0x080001b3   Thumb Code     0  startup_stm32f10x_md.o(.text)
    I2C2_EV_IRQHandler                       0x080001b3   Thumb Code     0  startup_stm32f10x_md.o(.text)
    PVD_IRQHandler                           0x080001b3   Thumb Code     0  startup_stm32f10x_md.o(.text)
    RCC_IRQHandler                           0x080001b3   Thumb Code     0  startup_stm32f10x_md.o(.text)
    RTCAlarm_IRQHandler                      0x080001b3   Thumb Code     0  startup_stm32f10x_md.o(.text)
    RTC_IRQHandler                           0x080001b3   Thumb Code     0  startup_stm32f10x_md.o(.text)
    SPI1_IRQHandler                          0x080001b3   Thumb Code     0  startup_stm32f10x_md.o(.text)
    SPI2_IRQHandler                          0x080001b3   Thumb Code     0  startup_stm32f10x_md.o(.text)
    TAMPER_IRQHandler                        0x080001b3   Thumb Code     0  startup_stm32f10x_md.o(.text)
    TIM1_BRK_IRQHandler                      0x080001b3   Thumb Code     0  startup_stm32f10x_md.o(.text)
    TIM1_CC_IRQHandler                       0x080001b3   Thumb Code     0  startup_stm32f10x_md.o(.text)
    TIM1_TRG_COM_IRQHandler                  0x080001b3   Thumb Code     0  startup_stm32f10x_md.o(.text)
    TIM1_UP_IRQHandler                       0x080001b3   Thumb Code     0  startup_stm32f10x_md.o(.text)
    TIM2_IRQHandler                          0x080001b3   Thumb Code     0  startup_stm32f10x_md.o(.text)
    TIM3_IRQHandler                          0x080001b3   Thumb Code     0  startup_stm32f10x_md.o(.text)
    USART3_IRQHandler                        0x080001b3   Thumb Code     0  startup_stm32f10x_md.o(.text)
    USBWakeUp_IRQHandler                     0x080001b3   Thumb Code     0  startup_stm32f10x_md.o(.text)
    USB_HP_CAN1_TX_IRQHandler                0x080001b3   Thumb Code     0  startup_stm32f10x_md.o(.text)
    USB_LP_CAN1_RX0_IRQHandler               0x080001b3   Thumb Code     0  startup_stm32f10x_md.o(.text)
    WWDG_IRQHandler                          0x080001b3   Thumb Code     0  startup_stm32f10x_md.o(.text)
    SystemInit                               0x0800025d   Thumb Code    64  system_stm32f10x.o(.text)
    SystemCoreClockUpdate                    0x0800029d   Thumb Code    86  system_stm32f10x.o(.text)
    NVIC_PriorityGroupConfig                 0x08000315   Thumb Code    10  misc.o(.text)
    NVIC_Init                                0x0800031f   Thumb Code    94  misc.o(.text)
    NVIC_SetVectorTable                      0x0800037d   Thumb Code    14  misc.o(.text)
    NVIC_SystemLPConfig                      0x0800038b   Thumb Code    20  misc.o(.text)
    SysTick_CLKSourceConfig                  0x0800039f   Thumb Code    24  misc.o(.text)
    ADC_DeInit                               0x080003c5   Thumb Code    56  stm32f10x_adc.o(.text)
    ADC_Init                                 0x080003fd   Thumb Code    62  stm32f10x_adc.o(.text)
    ADC_StructInit                           0x0800043b   Thumb Code    18  stm32f10x_adc.o(.text)
    ADC_Cmd                                  0x0800044d   Thumb Code    20  stm32f10x_adc.o(.text)
    ADC_DMACmd                               0x08000461   Thumb Code    20  stm32f10x_adc.o(.text)
    ADC_ITConfig                             0x08000475   Thumb Code    18  stm32f10x_adc.o(.text)
    ADC_ResetCalibration                     0x08000487   Thumb Code    10  stm32f10x_adc.o(.text)
    ADC_GetResetCalibrationStatus            0x08000491   Thumb Code    14  stm32f10x_adc.o(.text)
    ADC_StartCalibration                     0x0800049f   Thumb Code    10  stm32f10x_adc.o(.text)
    ADC_GetCalibrationStatus                 0x080004a9   Thumb Code    14  stm32f10x_adc.o(.text)
    ADC_SoftwareStartConvCmd                 0x080004b7   Thumb Code    20  stm32f10x_adc.o(.text)
    ADC_GetSoftwareStartConvStatus           0x080004cb   Thumb Code    14  stm32f10x_adc.o(.text)
    ADC_DiscModeChannelCountConfig           0x080004d9   Thumb Code    16  stm32f10x_adc.o(.text)
    ADC_DiscModeCmd                          0x080004e9   Thumb Code    20  stm32f10x_adc.o(.text)
    ADC_RegularChannelConfig                 0x080004fd   Thumb Code   116  stm32f10x_adc.o(.text)
    ADC_ExternalTrigConvCmd                  0x08000571   Thumb Code    20  stm32f10x_adc.o(.text)
    ADC_GetConversionValue                   0x08000585   Thumb Code     6  stm32f10x_adc.o(.text)
    ADC_GetDualModeConversionValue           0x0800058b   Thumb Code     8  stm32f10x_adc.o(.text)
    ADC_AutoInjectedConvCmd                  0x08000593   Thumb Code    20  stm32f10x_adc.o(.text)
    ADC_InjectedDiscModeCmd                  0x080005a7   Thumb Code    20  stm32f10x_adc.o(.text)
    ADC_ExternalTrigInjectedConvConfig       0x080005bb   Thumb Code    12  stm32f10x_adc.o(.text)
    ADC_ExternalTrigInjectedConvCmd          0x080005c7   Thumb Code    20  stm32f10x_adc.o(.text)
    ADC_SoftwareStartInjectedConvCmd         0x080005db   Thumb Code    20  stm32f10x_adc.o(.text)
    ADC_GetSoftwareStartInjectedConvCmdStatus 0x080005ef   Thumb Code    14  stm32f10x_adc.o(.text)
    ADC_InjectedChannelConfig                0x080005fd   Thumb Code    74  stm32f10x_adc.o(.text)
    ADC_InjectedSequencerLengthConfig        0x08000647   Thumb Code    16  stm32f10x_adc.o(.text)
    ADC_SetInjectedOffset                    0x08000657   Thumb Code    10  stm32f10x_adc.o(.text)
    ADC_GetInjectedConversionValue           0x08000661   Thumb Code    14  stm32f10x_adc.o(.text)
    ADC_AnalogWatchdogCmd                    0x0800066f   Thumb Code    12  stm32f10x_adc.o(.text)
    ADC_AnalogWatchdogThresholdsConfig       0x0800067b   Thumb Code     6  stm32f10x_adc.o(.text)
    ADC_AnalogWatchdogSingleChannelConfig    0x08000681   Thumb Code    12  stm32f10x_adc.o(.text)
    ADC_TempSensorVrefintCmd                 0x0800068d   Thumb Code    24  stm32f10x_adc.o(.text)
    ADC_GetFlagStatus                        0x080006a5   Thumb Code    14  stm32f10x_adc.o(.text)
    ADC_ClearFlag                            0x080006b3   Thumb Code     6  stm32f10x_adc.o(.text)
    ADC_GetITStatus                          0x080006b9   Thumb Code    28  stm32f10x_adc.o(.text)
    ADC_ClearITPendingBit                    0x080006d5   Thumb Code     8  stm32f10x_adc.o(.text)
    DMA_DeInit                               0x080006f5   Thumb Code   218  stm32f10x_dma.o(.text)
    DMA_Init                                 0x080007cf   Thumb Code    58  stm32f10x_dma.o(.text)
    DMA_StructInit                           0x08000809   Thumb Code    26  stm32f10x_dma.o(.text)
    DMA_Cmd                                  0x08000823   Thumb Code    22  stm32f10x_dma.o(.text)
    DMA_ITConfig                             0x08000839   Thumb Code    16  stm32f10x_dma.o(.text)
    DMA_SetCurrDataCounter                   0x08000849   Thumb Code     4  stm32f10x_dma.o(.text)
    DMA_GetCurrDataCounter                   0x0800084d   Thumb Code     6  stm32f10x_dma.o(.text)
    DMA_GetFlagStatus                        0x08000853   Thumb Code    28  stm32f10x_dma.o(.text)
    DMA_ClearFlag                            0x0800086f   Thumb Code    20  stm32f10x_dma.o(.text)
    DMA_GetITStatus                          0x08000883   Thumb Code    28  stm32f10x_dma.o(.text)
    DMA_ClearITPendingBit                    0x0800089f   Thumb Code    20  stm32f10x_dma.o(.text)
    GPIO_DeInit                              0x080008bd   Thumb Code   152  stm32f10x_gpio.o(.text)
    GPIO_AFIODeInit                          0x08000955   Thumb Code    22  stm32f10x_gpio.o(.text)
    GPIO_Init                                0x0800096b   Thumb Code   156  stm32f10x_gpio.o(.text)
    GPIO_StructInit                          0x08000a07   Thumb Code    16  stm32f10x_gpio.o(.text)
    GPIO_ReadInputDataBit                    0x08000a17   Thumb Code    14  stm32f10x_gpio.o(.text)
    GPIO_ReadInputData                       0x08000a25   Thumb Code     6  stm32f10x_gpio.o(.text)
    GPIO_ReadOutputDataBit                   0x08000a2b   Thumb Code    14  stm32f10x_gpio.o(.text)
    GPIO_ReadOutputData                      0x08000a39   Thumb Code     6  stm32f10x_gpio.o(.text)
    GPIO_SetBits                             0x08000a3f   Thumb Code     4  stm32f10x_gpio.o(.text)
    GPIO_ResetBits                           0x08000a43   Thumb Code     4  stm32f10x_gpio.o(.text)
    GPIO_WriteBit                            0x08000a47   Thumb Code    10  stm32f10x_gpio.o(.text)
    GPIO_Write                               0x08000a51   Thumb Code     4  stm32f10x_gpio.o(.text)
    GPIO_PinLockConfig                       0x08000a55   Thumb Code    16  stm32f10x_gpio.o(.text)
    GPIO_EventOutputConfig                   0x08000a65   Thumb Code    22  stm32f10x_gpio.o(.text)
    GPIO_EventOutputCmd                      0x08000a7b   Thumb Code     6  stm32f10x_gpio.o(.text)
    GPIO_PinRemapConfig                      0x08000a81   Thumb Code    82  stm32f10x_gpio.o(.text)
    GPIO_EXTILineConfig                      0x08000ad3   Thumb Code    34  stm32f10x_gpio.o(.text)
    GPIO_ETH_MediaInterfaceConfig            0x08000af5   Thumb Code     8  stm32f10x_gpio.o(.text)
    RCC_DeInit                               0x08000b21   Thumb Code    50  stm32f10x_rcc.o(.text)
    RCC_HSEConfig                            0x08000b53   Thumb Code    48  stm32f10x_rcc.o(.text)
    RCC_GetFlagStatus                        0x08000b83   Thumb Code    42  stm32f10x_rcc.o(.text)
    RCC_WaitForHSEStartUp                    0x08000bad   Thumb Code    44  stm32f10x_rcc.o(.text)
    RCC_AdjustHSICalibrationValue            0x08000bd9   Thumb Code    16  stm32f10x_rcc.o(.text)
    RCC_HSICmd                               0x08000be9   Thumb Code     6  stm32f10x_rcc.o(.text)
    RCC_PLLConfig                            0x08000bef   Thumb Code    16  stm32f10x_rcc.o(.text)
    RCC_PLLCmd                               0x08000bff   Thumb Code     6  stm32f10x_rcc.o(.text)
    RCC_SYSCLKConfig                         0x08000c05   Thumb Code    14  stm32f10x_rcc.o(.text)
    RCC_GetSYSCLKSource                      0x08000c13   Thumb Code    10  stm32f10x_rcc.o(.text)
    RCC_HCLKConfig                           0x08000c1d   Thumb Code    14  stm32f10x_rcc.o(.text)
    RCC_PCLK1Config                          0x08000c2b   Thumb Code    14  stm32f10x_rcc.o(.text)
    RCC_PCLK2Config                          0x08000c39   Thumb Code    16  stm32f10x_rcc.o(.text)
    RCC_ITConfig                             0x08000c49   Thumb Code    18  stm32f10x_rcc.o(.text)
    RCC_USBCLKConfig                         0x08000c5b   Thumb Code     8  stm32f10x_rcc.o(.text)
    RCC_ADCCLKConfig                         0x08000c63   Thumb Code    14  stm32f10x_rcc.o(.text)
    RCC_LSEConfig                            0x08000c71   Thumb Code    28  stm32f10x_rcc.o(.text)
    RCC_LSICmd                               0x08000c8d   Thumb Code     6  stm32f10x_rcc.o(.text)
    RCC_RTCCLKConfig                         0x08000c93   Thumb Code    10  stm32f10x_rcc.o(.text)
    RCC_RTCCLKCmd                            0x08000c9d   Thumb Code     8  stm32f10x_rcc.o(.text)
    RCC_GetClocksFreq                        0x08000ca5   Thumb Code   132  stm32f10x_rcc.o(.text)
    RCC_AHBPeriphClockCmd                    0x08000d29   Thumb Code    18  stm32f10x_rcc.o(.text)
    RCC_APB2PeriphClockCmd                   0x08000d3b   Thumb Code    18  stm32f10x_rcc.o(.text)
    RCC_APB1PeriphClockCmd                   0x08000d4d   Thumb Code    18  stm32f10x_rcc.o(.text)
    RCC_APB2PeriphResetCmd                   0x08000d5f   Thumb Code    18  stm32f10x_rcc.o(.text)
    RCC_APB1PeriphResetCmd                   0x08000d71   Thumb Code    18  stm32f10x_rcc.o(.text)
    RCC_BackupResetCmd                       0x08000d83   Thumb Code     8  stm32f10x_rcc.o(.text)
    RCC_ClockSecuritySystemCmd               0x08000d8b   Thumb Code     6  stm32f10x_rcc.o(.text)
    RCC_MCOConfig                            0x08000d91   Thumb Code     6  stm32f10x_rcc.o(.text)
    RCC_ClearFlag                            0x08000d97   Thumb Code    12  stm32f10x_rcc.o(.text)
    RCC_GetITStatus                          0x08000da3   Thumb Code    16  stm32f10x_rcc.o(.text)
    RCC_ClearITPendingBit                    0x08000db3   Thumb Code     6  stm32f10x_rcc.o(.text)
    TIM_DeInit                               0x08000dd9   Thumb Code   304  stm32f10x_tim.o(.text)
    TIM_TimeBaseInit                         0x08000f09   Thumb Code   114  stm32f10x_tim.o(.text)
    TIM_OC1Init                              0x08000f7b   Thumb Code   106  stm32f10x_tim.o(.text)
    TIM_OC2Init                              0x08000fe5   Thumb Code   120  stm32f10x_tim.o(.text)
    TIM_OC3Init                              0x0800105d   Thumb Code   116  stm32f10x_tim.o(.text)
    TIM_OC4Init                              0x080010d1   Thumb Code    90  stm32f10x_tim.o(.text)
    TIM_SetIC4Prescaler                      0x0800112b   Thumb Code    24  stm32f10x_tim.o(.text)
    TIM_SetIC3Prescaler                      0x08001143   Thumb Code    16  stm32f10x_tim.o(.text)
    TIM_SetIC2Prescaler                      0x08001153   Thumb Code    24  stm32f10x_tim.o(.text)
    TIM_SetIC1Prescaler                      0x08001211   Thumb Code    16  stm32f10x_tim.o(.text)
    TIM_ICInit                               0x08001279   Thumb Code   270  stm32f10x_tim.o(.text)
    TIM_PWMIConfig                           0x08001387   Thumb Code   104  stm32f10x_tim.o(.text)
    TIM_BDTRConfig                           0x080013ef   Thumb Code    34  stm32f10x_tim.o(.text)
    TIM_TimeBaseStructInit                   0x08001411   Thumb Code    18  stm32f10x_tim.o(.text)
    TIM_OCStructInit                         0x08001423   Thumb Code    20  stm32f10x_tim.o(.text)
    TIM_ICStructInit                         0x08001437   Thumb Code    16  stm32f10x_tim.o(.text)
    TIM_BDTRStructInit                       0x08001447   Thumb Code    18  stm32f10x_tim.o(.text)
    TIM_Cmd                                  0x08001459   Thumb Code    20  stm32f10x_tim.o(.text)
    TIM_CtrlPWMOutputs                       0x0800146d   Thumb Code    22  stm32f10x_tim.o(.text)
    TIM_ITConfig                             0x08001483   Thumb Code    16  stm32f10x_tim.o(.text)
    TIM_GenerateEvent                        0x08001493   Thumb Code     4  stm32f10x_tim.o(.text)
    TIM_DMAConfig                            0x08001497   Thumb Code     8  stm32f10x_tim.o(.text)
    TIM_DMACmd                               0x0800149f   Thumb Code    16  stm32f10x_tim.o(.text)
    TIM_InternalClockConfig                  0x080014af   Thumb Code    10  stm32f10x_tim.o(.text)
    TIM_SelectInputTrigger                   0x080014b9   Thumb Code    12  stm32f10x_tim.o(.text)
    TIM_ITRxExternalClockConfig              0x080014c5   Thumb Code    18  stm32f10x_tim.o(.text)
    TIM_TIxExternalClockConfig               0x080014d7   Thumb Code    46  stm32f10x_tim.o(.text)
    TIM_ETRConfig                            0x08001505   Thumb Code    24  stm32f10x_tim.o(.text)
    TIM_ETRClockMode1Config                  0x0800151d   Thumb Code    18  stm32f10x_tim.o(.text)
    TIM_ETRClockMode2Config                  0x0800152f   Thumb Code    18  stm32f10x_tim.o(.text)
    TIM_PrescalerConfig                      0x08001541   Thumb Code     6  stm32f10x_tim.o(.text)
    TIM_CounterModeConfig                    0x08001547   Thumb Code    12  stm32f10x_tim.o(.text)
    TIM_EncoderInterfaceConfig               0x08001553   Thumb Code    50  stm32f10x_tim.o(.text)
    TIM_ForcedOC1Config                      0x08001585   Thumb Code    12  stm32f10x_tim.o(.text)
    TIM_ForcedOC2Config                      0x08001591   Thumb Code    20  stm32f10x_tim.o(.text)
    TIM_ForcedOC3Config                      0x080015a5   Thumb Code    12  stm32f10x_tim.o(.text)
    TIM_ForcedOC4Config                      0x080015b1   Thumb Code    20  stm32f10x_tim.o(.text)
    TIM_ARRPreloadConfig                     0x080015c5   Thumb Code    20  stm32f10x_tim.o(.text)
    TIM_SelectCOM                            0x080015d9   Thumb Code    20  stm32f10x_tim.o(.text)
    TIM_SelectCCDMA                          0x080015ed   Thumb Code    20  stm32f10x_tim.o(.text)
    TIM_CCPreloadControl                     0x08001601   Thumb Code    20  stm32f10x_tim.o(.text)
    TIM_OC1PreloadConfig                     0x08001615   Thumb Code    32  stm32f10x_tim.o(.text)
    TIM_OC2PreloadConfig                     0x08001635   Thumb Code    20  stm32f10x_tim.o(.text)
    TIM_OC3PreloadConfig                     0x08001649   Thumb Code    12  stm32f10x_tim.o(.text)
    TIM_OC4PreloadConfig                     0x08001655   Thumb Code    20  stm32f10x_tim.o(.text)
    TIM_OC1FastConfig                        0x08001669   Thumb Code    12  stm32f10x_tim.o(.text)
    TIM_OC2FastConfig                        0x08001675   Thumb Code    20  stm32f10x_tim.o(.text)
    TIM_OC3FastConfig                        0x08001689   Thumb Code    12  stm32f10x_tim.o(.text)
    TIM_OC4FastConfig                        0x08001695   Thumb Code    20  stm32f10x_tim.o(.text)
    TIM_ClearOC1Ref                          0x080016a9   Thumb Code    12  stm32f10x_tim.o(.text)
    TIM_ClearOC2Ref                          0x080016b5   Thumb Code    20  stm32f10x_tim.o(.text)
    TIM_ClearOC3Ref                          0x080016c9   Thumb Code    12  stm32f10x_tim.o(.text)
    TIM_ClearOC4Ref                          0x080016d5   Thumb Code    20  stm32f10x_tim.o(.text)
    TIM_OC1PolarityConfig                    0x080016e9   Thumb Code    12  stm32f10x_tim.o(.text)
    TIM_OC1NPolarityConfig                   0x080016f5   Thumb Code    12  stm32f10x_tim.o(.text)
    TIM_OC2PolarityConfig                    0x08001701   Thumb Code    20  stm32f10x_tim.o(.text)
    TIM_OC2NPolarityConfig                   0x08001715   Thumb Code    20  stm32f10x_tim.o(.text)
    TIM_OC3PolarityConfig                    0x08001729   Thumb Code    20  stm32f10x_tim.o(.text)
    TIM_OC3NPolarityConfig                   0x0800173d   Thumb Code    20  stm32f10x_tim.o(.text)
    TIM_OC4PolarityConfig                    0x08001751   Thumb Code    20  stm32f10x_tim.o(.text)
    TIM_CCxCmd                               0x08001765   Thumb Code    22  stm32f10x_tim.o(.text)
    TIM_CCxNCmd                              0x0800177b   Thumb Code    22  stm32f10x_tim.o(.text)
    TIM_SelectOCxM                           0x08001791   Thumb Code    70  stm32f10x_tim.o(.text)
    TIM_UpdateDisableConfig                  0x080017d7   Thumb Code    20  stm32f10x_tim.o(.text)
    TIM_UpdateRequestConfig                  0x080017eb   Thumb Code    20  stm32f10x_tim.o(.text)
    TIM_SelectHallSensor                     0x080017ff   Thumb Code    20  stm32f10x_tim.o(.text)
    TIM_SelectOnePulseMode                   0x08001813   Thumb Code    16  stm32f10x_tim.o(.text)
    TIM_SelectOutputTrigger                  0x08001823   Thumb Code    16  stm32f10x_tim.o(.text)
    TIM_SelectSlaveMode                      0x08001833   Thumb Code    16  stm32f10x_tim.o(.text)
    TIM_SelectMasterSlaveMode                0x08001843   Thumb Code    16  stm32f10x_tim.o(.text)
    TIM_SetCounter                           0x08001853   Thumb Code     4  stm32f10x_tim.o(.text)
    TIM_SetAutoreload                        0x08001857   Thumb Code     4  stm32f10x_tim.o(.text)
    TIM_SetCompare1                          0x0800185b   Thumb Code     4  stm32f10x_tim.o(.text)
    TIM_SetCompare2                          0x0800185f   Thumb Code     4  stm32f10x_tim.o(.text)
    TIM_SetCompare3                          0x08001863   Thumb Code     4  stm32f10x_tim.o(.text)
    TIM_SetCompare4                          0x08001867   Thumb Code     6  stm32f10x_tim.o(.text)
    TIM_SetClockDivision                     0x0800186d   Thumb Code    16  stm32f10x_tim.o(.text)
    TIM_GetCapture1                          0x0800187d   Thumb Code     4  stm32f10x_tim.o(.text)
    TIM_GetCapture2                          0x08001881   Thumb Code     4  stm32f10x_tim.o(.text)
    TIM_GetCapture3                          0x08001885   Thumb Code     4  stm32f10x_tim.o(.text)
    TIM_GetCapture4                          0x08001889   Thumb Code     6  stm32f10x_tim.o(.text)
    TIM_GetCounter                           0x0800188f   Thumb Code     4  stm32f10x_tim.o(.text)
    TIM_GetPrescaler                         0x08001893   Thumb Code     4  stm32f10x_tim.o(.text)
    TIM_GetFlagStatus                        0x08001897   Thumb Code    14  stm32f10x_tim.o(.text)
    TIM_ClearFlag                            0x080018a5   Thumb Code     6  stm32f10x_tim.o(.text)
    TIM_GetITStatus                          0x080018ab   Thumb Code    24  stm32f10x_tim.o(.text)
    TIM_ClearITPendingBit                    0x080018c3   Thumb Code     6  stm32f10x_tim.o(.text)
    USART_DeInit                             0x080018c9   Thumb Code    96  stm32f10x_usart.o(.text)
    USART_Init                               0x08001929   Thumb Code   166  stm32f10x_usart.o(.text)
    USART_StructInit                         0x080019cf   Thumb Code    22  stm32f10x_usart.o(.text)
    USART_ClockInit                          0x080019e5   Thumb Code    30  stm32f10x_usart.o(.text)
    USART_ClockStructInit                    0x08001a03   Thumb Code    12  stm32f10x_usart.o(.text)
    USART_Cmd                                0x08001a0f   Thumb Code    20  stm32f10x_usart.o(.text)
    USART_ITConfig                           0x08001a23   Thumb Code    48  stm32f10x_usart.o(.text)
    USART_DMACmd                             0x08001a53   Thumb Code    16  stm32f10x_usart.o(.text)
    USART_SetAddress                         0x08001a63   Thumb Code    16  stm32f10x_usart.o(.text)
    USART_WakeUpConfig                       0x08001a73   Thumb Code    16  stm32f10x_usart.o(.text)
    USART_ReceiverWakeUpCmd                  0x08001a83   Thumb Code    20  stm32f10x_usart.o(.text)
    USART_LINBreakDetectLengthConfig         0x08001a97   Thumb Code    16  stm32f10x_usart.o(.text)
    USART_LINCmd                             0x08001aa7   Thumb Code    20  stm32f10x_usart.o(.text)
    USART_SendData                           0x08001abb   Thumb Code     8  stm32f10x_usart.o(.text)
    USART_ReceiveData                        0x08001ac3   Thumb Code     8  stm32f10x_usart.o(.text)
    USART_SendBreak                          0x08001acb   Thumb Code    10  stm32f10x_usart.o(.text)
    USART_SetGuardTime                       0x08001ad5   Thumb Code    16  stm32f10x_usart.o(.text)
    USART_SetPrescaler                       0x08001ae5   Thumb Code    16  stm32f10x_usart.o(.text)
    USART_SmartCardCmd                       0x08001af5   Thumb Code    20  stm32f10x_usart.o(.text)
    USART_SmartCardNACKCmd                   0x08001b09   Thumb Code    20  stm32f10x_usart.o(.text)
    USART_HalfDuplexCmd                      0x08001b1d   Thumb Code    20  stm32f10x_usart.o(.text)
    USART_OverSampling8Cmd                   0x08001b31   Thumb Code    20  stm32f10x_usart.o(.text)
    USART_OneBitMethodCmd                    0x08001b45   Thumb Code    20  stm32f10x_usart.o(.text)
    USART_IrDAConfig                         0x08001b59   Thumb Code    16  stm32f10x_usart.o(.text)
    USART_IrDACmd                            0x08001b69   Thumb Code    20  stm32f10x_usart.o(.text)
    USART_GetFlagStatus                      0x08001b7d   Thumb Code    14  stm32f10x_usart.o(.text)
    USART_ClearFlag                          0x08001b8b   Thumb Code     6  stm32f10x_usart.o(.text)
    USART_GetITStatus                        0x08001b91   Thumb Code    62  stm32f10x_usart.o(.text)
    USART_ClearITPendingBit                  0x08001bcf   Thumb Code    12  stm32f10x_usart.o(.text)
    main                                     0x08001cfd   Thumb Code   102  main.o(.text)
    NMI_Handler                              0x08001e0d   Thumb Code     2  stm32f10x_it.o(.text)
    HardFault_Handler                        0x08001e0f   Thumb Code     2  stm32f10x_it.o(.text)
    MemManage_Handler                        0x08001e11   Thumb Code     2  stm32f10x_it.o(.text)
    BusFault_Handler                         0x08001e13   Thumb Code     2  stm32f10x_it.o(.text)
    UsageFault_Handler                       0x08001e15   Thumb Code     2  stm32f10x_it.o(.text)
    DebugMon_Handler                         0x08001e17   Thumb Code     2  stm32f10x_it.o(.text)
    SysTick_Handler                          0x08001e19   Thumb Code    20  stm32f10x_it.o(.text)
    LED_GPIO_Config                          0x08001e2d   Thumb Code   114  bsp_led.o(.text)
    aaaFK_GPIO_Config                        0x08001e9f   Thumb Code    78  bsp_led.o(.text)
    Key_GPIO_Config                          0x08001ef9   Thumb Code   182  bsp_key.o(.text)
    FK_GPIO_Config                           0x08001faf   Thumb Code    78  bsp_key.o(.text)
    Key_Scan_Low                             0x08001ffd   Thumb Code    48  bsp_key.o(.text)
    Key_Scan_High                            0x0800202d   Thumb Code    36  bsp_key.o(.text)
    Key_Scan_High1                           0x08002051   Thumb Code    52  bsp_key.o(.text)
    delay_init                               0x08002091   Thumb Code    38  delay.o(.text)
    delay_ms                                 0x080020b7   Thumb Code    36  delay.o(.text)
    delay_us                                 0x080020db   Thumb Code    36  delay.o(.text)
    warning_paopian                          0x08002105   Thumb Code    18  tasks.o(.text)
    warning_jiting                           0x08002117   Thumb Code    18  tasks.o(.text)
    warning_duimei                           0x08002129   Thumb Code    18  tasks.o(.text)
    warning_silie                            0x0800213b   Thumb Code    18  tasks.o(.text)
    warning_yanwu                            0x0800214d   Thumb Code    18  tasks.o(.text)
    baojingyuyin                             0x0800215f   Thumb Code    28  tasks.o(.text)
    baojingjilu                              0x0800217b   Thumb Code   164  tasks.o(.text)
    zhangli_guan                             0x0800221f   Thumb Code    54  tasks.o(.text)
    tingche                                  0x08002255   Thumb Code   130  tasks.o(.text)
    sashui                                   0x080022d7   Thumb Code    24  tasks.o(.text)
    kaiche                                   0x080022ef   Thumb Code   182  tasks.o(.text)
    tingshui                                 0x080023a5   Thumb Code    22  tasks.o(.text)
    zhangli_jia                              0x080023bb   Thumb Code    56  tasks.o(.text)
    zhangli_jian                             0x080023f3   Thumb Code   568  tasks.o(.text)
    kaiguan_task                             0x0800262b   Thumb Code    94  tasks.o(.text)
    jiting_task                              0x08002689   Thumb Code    74  tasks.o(.text)
    sudu_task                                0x080026d3   Thumb Code   152  tasks.o(.text)
    wendu_task                               0x0800276b   Thumb Code   152  tasks.o(.text)
    zhangli_task                             0x08002803   Thumb Code   174  tasks.o(.text)
    zhu_renwu                                0x080028b1   Thumb Code   120  tasks.o(.text)
    diandong_renwu                           0x08002929   Thumb Code   136  tasks.o(.text)
    zhuangtai_renwu                          0x080029b1   Thumb Code   444  tasks.o(.text)
    NVIC_SysReset                            0x08002b6d   Thumb Code    24  tasks.o(.text)
    ADCx_Init                                0x08002d15   Thumb Code    36  bsp_adc.o(.text)
    USART1_Config                            0x08002d49   Thumb Code   326  bsp_usart1.o(.text)
    USART1_Receive_DataPack                  0x08002e8f   Thumb Code    68  bsp_usart1.o(.text)
    USART1_IRQHandler                        0x08002ed3   Thumb Code    34  bsp_usart1.o(.text)
    Usart_SendByte                           0x08002ef5   Thumb Code    22  bsp_usart1.o(.text)
    Usart_SendArray                          0x08002f0b   Thumb Code    44  bsp_usart1.o(.text)
    Usart_SendString                         0x08002f37   Thumb Code    38  bsp_usart1.o(.text)
    Usart_SendHalfWord                       0x08002f5d   Thumb Code    50  bsp_usart1.o(.text)
    fputc                                    0x08002f8f   Thumb Code    30  bsp_usart1.o(.text)
    fgetc                                    0x08002fad   Thumb Code    26  bsp_usart1.o(.text)
    Usart1_Send_Data                         0x08002fc7   Thumb Code    32  bsp_usart1.o(.text)
    USART2_Config                            0x08003009   Thumb Code   324  bsp_usart2.o(.text)
    USART2_Receive_DataPack                  0x0800314d   Thumb Code    66  bsp_usart2.o(.text)
    USART2_IRQHandler                        0x0800318f   Thumb Code    34  bsp_usart2.o(.text)
    Usart2_SendByte                          0x080031b1   Thumb Code    22  bsp_usart2.o(.text)
    HMISendb                                 0x080031c7   Thumb Code    42  bsp_usart2.o(.text)
    HMISends                                 0x080031f1   Thumb Code    44  bsp_usart2.o(.text)
    USART2_send                              0x0800321d   Thumb Code    52  bsp_usart2.o(.text)
    Str2Int                                  0x08003261   Thumb Code    88  data_process.o(.text)
    qidong_fuzhi                             0x080032b9   Thumb Code    72  data_process.o(.text)
    zhuangtai_fuzhi                          0x08003301   Thumb Code    76  data_process.o(.text)
    diandong_fuzhi                           0x0800334d   Thumb Code   110  data_process.o(.text)
    shezhi_fuzhi                             0x080033bb   Thumb Code   226  data_process.o(.text)
    Usart2_data_process                      0x0800349d   Thumb Code    28  data_process.o(.text)
    Int2Str                                  0x080034b9   Thumb Code    64  data_process.o(.text)
    StrnCopy                                 0x080034f9   Thumb Code    38  data_process.o(.text)
    ADVANCE_TIM_Init                         0x08003849   Thumb Code    74  bsp_generaltim.o(.text)
    TIM4_IRQHandler                          0x08003893   Thumb Code    86  bsp_generaltim.o(.text)
    vListInitialise                          0x080039ad   Thumb Code    22  list.o(.text)
    vListInitialiseItem                      0x080039c3   Thumb Code     6  list.o(.text)
    vListInsertEnd                           0x080039c9   Thumb Code    24  list.o(.text)
    vListInsert                              0x080039e1   Thumb Code    48  list.o(.text)
    uxListRemove                             0x08003a11   Thumb Code    36  list.o(.text)
    xQueueGenericReset                       0x08003a35   Thumb Code   128  queue.o(.text)
    xQueueGenericCreate                      0x08003ab5   Thumb Code    68  queue.o(.text)
    xQueueGenericSend                        0x08003bbd   Thumb Code   332  queue.o(.text)
    xQueueGenericSendFromISR                 0x08003d09   Thumb Code   174  queue.o(.text)
    xQueueGiveFromISR                        0x08003db7   Thumb Code   194  queue.o(.text)
    xQueueGenericReceive                     0x08003e9f   Thumb Code   328  queue.o(.text)
    xQueueReceiveFromISR                     0x08003fe7   Thumb Code   150  queue.o(.text)
    xQueuePeekFromISR                        0x0800407d   Thumb Code   114  queue.o(.text)
    uxQueueMessagesWaiting                   0x080040ef   Thumb Code    36  queue.o(.text)
    uxQueueSpacesAvailable                   0x08004113   Thumb Code    40  queue.o(.text)
    uxQueueMessagesWaitingFromISR            0x0800413b   Thumb Code    26  queue.o(.text)
    vQueueUnregisterQueue                    0x08004155   Thumb Code    36  queue.o(.text)
    vQueueDelete                             0x08004179   Thumb Code    38  queue.o(.text)
    xQueueIsQueueEmptyFromISR                0x0800419f   Thumb Code    34  queue.o(.text)
    xQueueIsQueueFullFromISR                 0x080041c1   Thumb Code    38  queue.o(.text)
    vQueueAddToRegistry                      0x080041e7   Thumb Code    32  queue.o(.text)
    pcQueueGetName                           0x08004207   Thumb Code    34  queue.o(.text)
    vQueueWaitForMessageRestricted           0x08004229   Thumb Code    66  queue.o(.text)
    xTaskCreate                              0x0800434b   Thumb Code    86  tasks_1.o(.text)
    vTaskDelete                              0x080043a1   Thumb Code   154  tasks_1.o(.text)
    xTaskIncrementTick                       0x0800443b   Thumb Code   186  tasks_1.o(.text)
    xTaskResumeAll                           0x080044f5   Thumb Code   182  tasks_1.o(.text)
    vTaskSuspendAll                          0x08004611   Thumb Code    10  tasks_1.o(.text)
    vTaskDelayUntil                          0x0800461b   Thumb Code   188  tasks_1.o(.text)
    vTaskDelay                               0x080046d7   Thumb Code    66  tasks_1.o(.text)
    eTaskGetState                            0x08004719   Thumb Code    94  tasks_1.o(.text)
    uxTaskPriorityGet                        0x08004777   Thumb Code    24  tasks_1.o(.text)
    uxTaskPriorityGetFromISR                 0x0800478f   Thumb Code    40  tasks_1.o(.text)
    vTaskPrioritySet                         0x080047b7   Thumb Code   176  tasks_1.o(.text)
    vTaskSwitchContext                       0x08004867   Thumb Code    84  tasks_1.o(.text)
    vTaskSuspend                             0x080048bb   Thumb Code   156  tasks_1.o(.text)
    vTaskResume                              0x08004987   Thumb Code   116  tasks_1.o(.text)
    xTaskResumeFromISR                       0x080049fb   Thumb Code   126  tasks_1.o(.text)
    vTaskStartScheduler                      0x08004a97   Thumb Code   130  tasks_1.o(.text)
    vTaskEndScheduler                        0x08004b19   Thumb Code    24  tasks_1.o(.text)
    xTaskGetTickCount                        0x08004b31   Thumb Code     6  tasks_1.o(.text)
    xTaskGetTickCountFromISR                 0x08004b37   Thumb Code    12  tasks_1.o(.text)
    uxTaskGetNumberOfTasks                   0x08004b43   Thumb Code     6  tasks_1.o(.text)
    pcTaskGetName                            0x08004b49   Thumb Code    38  tasks_1.o(.text)
    vTaskPlaceOnEventList                    0x08004b6f   Thumb Code    46  tasks_1.o(.text)
    vTaskPlaceOnUnorderedEventList           0x08004b9d   Thumb Code    78  tasks_1.o(.text)
    vTaskPlaceOnEventListRestricted          0x08004beb   Thumb Code    54  tasks_1.o(.text)
    xTaskRemoveFromEventList                 0x08004c21   Thumb Code   104  tasks_1.o(.text)
    xTaskRemoveFromUnorderedEventList        0x08004c89   Thumb Code   116  tasks_1.o(.text)
    vTaskSetTimeOutState                     0x08004cfd   Thumb Code    34  tasks_1.o(.text)
    xTaskCheckForTimeOut                     0x08004d1f   Thumb Code   102  tasks_1.o(.text)
    vTaskMissedYield                         0x08004d85   Thumb Code     8  tasks_1.o(.text)
    xTaskGetSchedulerState                   0x08004d8d   Thumb Code    22  tasks_1.o(.text)
    uxTaskResetEventItemValue                0x08004da3   Thumb Code    20  tasks_1.o(.text)
    ulTaskNotifyTake                         0x08004db7   Thumb Code    96  tasks_1.o(.text)
    xTaskNotifyWait                          0x08004e17   Thumb Code   128  tasks_1.o(.text)
    xTaskGenericNotify                       0x08004e97   Thumb Code   208  tasks_1.o(.text)
    xTaskGenericNotifyFromISR                0x08004f67   Thumb Code   228  tasks_1.o(.text)
    vTaskNotifyGiveFromISR                   0x0800504b   Thumb Code   168  tasks_1.o(.text)
    xTaskNotifyStateClear                    0x080050f3   Thumb Code    44  tasks_1.o(.text)
    xTimerGenericCommand                     0x08005291   Thumb Code    96  timers.o(.text)
    xTimerCreateTimerTask                    0x08005407   Thumb Code    58  timers.o(.text)
    xTimerCreate                             0x08005441   Thumb Code    74  timers.o(.text)
    xTimerGetTimerDaemonTaskHandle           0x0800548b   Thumb Code    24  timers.o(.text)
    xTimerGetPeriod                          0x080054a3   Thumb Code    22  timers.o(.text)
    xTimerGetExpiryTime                      0x080054b9   Thumb Code    22  timers.o(.text)
    pcTimerGetName                           0x080054cf   Thumb Code    22  timers.o(.text)
    xTimerIsTimerActive                      0x080054e5   Thumb Code    40  timers.o(.text)
    pvTimerGetTimerID                        0x0800550d   Thumb Code    32  timers.o(.text)
    vTimerSetTimerID                         0x0800552d   Thumb Code    34  timers.o(.text)
    pvPortMalloc                             0x08005751   Thumb Code   214  heap_4.o(.text)
    vPortFree                                0x08005827   Thumb Code    96  heap_4.o(.text)
    xPortGetFreeHeapSize                     0x08005887   Thumb Code     8  heap_4.o(.text)
    xPortGetMinimumEverFreeHeapSize          0x0800588f   Thumb Code     8  heap_4.o(.text)
    vPortInitialiseBlocks                    0x08005897   Thumb Code     2  heap_4.o(.text)
    pxPortInitialiseStack                    0x0800593f   Thumb Code    32  port.o(.text)
    vPortSetupTimerInterrupt                 0x0800595f   Thumb Code    26  port.o(.text)
    xPortStartScheduler                      0x08005979   Thumb Code   108  port.o(.text)
    vPortEndScheduler                        0x080059e5   Thumb Code    24  port.o(.text)
    vPortEnterCritical                       0x080059fd   Thumb Code    52  port.o(.text)
    vPortExitCritical                        0x08005a31   Thumb Code    34  port.o(.text)
    xPortSysTickHandler                      0x08005a53   Thumb Code    40  port.o(.text)
    vPortValidateInterruptPriority           0x08005a7b   Thumb Code    72  port.o(.text)
    __aeabi_memcpy                           0x08005b11   Thumb Code    36  memcpya.o(.text)
    __aeabi_memcpy4                          0x08005b11   Thumb Code     0  memcpya.o(.text)
    __aeabi_memcpy8                          0x08005b11   Thumb Code     0  memcpya.o(.text)
    __aeabi_memset                           0x08005b35   Thumb Code    14  memseta.o(.text)
    __aeabi_memset4                          0x08005b35   Thumb Code     0  memseta.o(.text)
    __aeabi_memset8                          0x08005b35   Thumb Code     0  memseta.o(.text)
    __aeabi_memclr                           0x08005b43   Thumb Code     4  memseta.o(.text)
    __aeabi_memclr4                          0x08005b43   Thumb Code     0  memseta.o(.text)
    __aeabi_memclr8                          0x08005b43   Thumb Code     0  memseta.o(.text)
    _memset$wrapper                          0x08005b47   Thumb Code    18  memseta.o(.text)
    strcat                                   0x08005b59   Thumb Code    24  strcat.o(.text)
    __aeabi_fmul                             0x08005b71   Thumb Code   100  fmul.o(.text)
    __aeabi_fdiv                             0x08005bd5   Thumb Code   124  fdiv.o(.text)
    __ARM_scalbnf                            0x08005c51   Thumb Code    24  fscalb.o(.text)
    scalbnf                                  0x08005c51   Thumb Code     0  fscalb.o(.text)
    __aeabi_dmul                             0x08005c69   Thumb Code   228  dmul.o(.text)
    __aeabi_ddiv                             0x08005d4d   Thumb Code   222  ddiv.o(.text)
    __aeabi_ui2f                             0x08005e2b   Thumb Code    10  ffltui.o(.text)
    __aeabi_ui2d                             0x08005e35   Thumb Code    26  dfltui.o(.text)
    __aeabi_f2uiz                            0x08005e4f   Thumb Code    40  ffixui.o(.text)
    __aeabi_d2uiz                            0x08005e77   Thumb Code    50  dfixui.o(.text)
    __aeabi_f2d                              0x08005ea9   Thumb Code    38  f2d.o(.text)
    __aeabi_cdcmpeq                          0x08005ed1   Thumb Code     0  cdcmple.o(.text)
    __aeabi_cdcmple                          0x08005ed1   Thumb Code    48  cdcmple.o(.text)
    __aeabi_cdrcmple                         0x08005f01   Thumb Code    48  cdrcmple.o(.text)
    __aeabi_d2f                              0x08005f31   Thumb Code    56  d2f.o(.text)
    __aeabi_uldivmod                         0x08005f69   Thumb Code    98  uldiv.o(.text)
    __aeabi_llsr                             0x08005fcb   Thumb Code    32  llushr.o(.text)
    _ll_ushift_r                             0x08005fcb   Thumb Code     0  llushr.o(.text)
    __I$use$fp                               0x08005feb   Thumb Code     0  iusefp.o(.text)
    _float_round                             0x08005feb   Thumb Code    18  fepilogue.o(.text)
    _float_epilogue                          0x08005ffd   Thumb Code    92  fepilogue.o(.text)
    _double_round                            0x08006059   Thumb Code    30  depilogue.o(.text)
    _double_epilogue                         0x08006077   Thumb Code   156  depilogue.o(.text)
    __scatterload                            0x08006115   Thumb Code    28  init.o(.text)
    __scatterload_rt2                        0x08006115   Thumb Code     0  init.o(.text)
    __aeabi_llsl                             0x08006139   Thumb Code    30  llshl.o(.text)
    _ll_shift_l                              0x08006139   Thumb Code     0  llshl.o(.text)
    __0printf$8                              0x08006159   Thumb Code    22  printf8.o(i.__0printf$8)
    __1printf$8                              0x08006159   Thumb Code     0  printf8.o(i.__0printf$8)
    __2printf                                0x08006159   Thumb Code     0  printf8.o(i.__0printf$8)
    __0sprintf$8                             0x08006179   Thumb Code    34  printf8.o(i.__0sprintf$8)
    __1sprintf$8                             0x08006179   Thumb Code     0  printf8.o(i.__0sprintf$8)
    __2sprintf                               0x08006179   Thumb Code     0  printf8.o(i.__0sprintf$8)
    __scatterload_copy                       0x080061a1   Thumb Code    14  handlers.o(i.__scatterload_copy)
    __scatterload_null                       0x080061af   Thumb Code     2  handlers.o(i.__scatterload_null)
    __scatterload_zeroinit                   0x080061b1   Thumb Code    14  handlers.o(i.__scatterload_zeroinit)
    Region$$Table$$Base                      0x0800665c   Number         0  anon$$obj.o(Region$$Table)
    Region$$Table$$Limit                     0x0800667c   Number         0  anon$$obj.o(Region$$Table)
    SystemCoreClock                          0x20000000   Data           4  system_stm32f10x.o(.data)
    AHBPrescTable                            0x20000004   Data          16  system_stm32f10x.o(.data)
    Test_Queue                               0x20000044   Data           4  main.o(.data)
    wendu_sheding                            0x2000004c   Data           1  tasks.o(.data)
    qiche_yanshi                             0x2000004d   Data           1  tasks.o(.data)
    tingche_yanshi                           0x2000004e   Data           1  tasks.o(.data)
    duimei_yanshi                            0x2000004f   Data           1  tasks.o(.data)
    silie_yanshi                             0x20000050   Data           1  tasks.o(.data)
    paopian_yanshi                           0x20000051   Data           1  tasks.o(.data)
    wendu_yanshi                             0x20000052   Data           1  tasks.o(.data)
    yanwu_yanshi                             0x20000053   Data           1  tasks.o(.data)
    sashui_yanshi                            0x20000054   Data           1  tasks.o(.data)
    kaichesashui                             0x20000055   Data           1  tasks.o(.data)
    zhangli_shangxian                        0x20000056   Data           1  tasks.o(.data)
    zhangli_xiaxian                          0x20000057   Data           1  tasks.o(.data)
    sudu_yanshi                              0x20000058   Data           1  tasks.o(.data)
    sudu_m_s                                 0x20000059   Data           1  tasks.o(.data)
    yunxing_zhuangtai                        0x2000005a   Data           1  tasks.o(.data)
    kaiting_yuyin                            0x2000005b   Data           1  tasks.o(.data)
    sudu_sheding                             0x2000005c   Data           1  tasks.o(.data)
    zhudianji_zhuangtai                      0x2000005d   Data           1  tasks.o(.data)
    congdianji_zhuangtai                     0x2000005e   Data           1  tasks.o(.data)
    zhadianji_zhuangtai                      0x2000005f   Data           1  tasks.o(.data)
    zhanglidianji_zhuangtai                  0x20000060   Data           1  tasks.o(.data)
    zhangzeng_zhuangtai                      0x20000061   Data           1  tasks.o(.data)
    zhangjian_zhuangtai                      0x20000062   Data           1  tasks.o(.data)
    fa_zhuangtai                             0x20000063   Data           1  tasks.o(.data)
    zhudianji_diandong                       0x20000064   Data           1  tasks.o(.data)
    congdianji_diandong                      0x20000065   Data           1  tasks.o(.data)
    zhadianji_diandong                       0x20000066   Data           1  tasks.o(.data)
    fa_diandong                              0x20000067   Data           1  tasks.o(.data)
    zhanglijia_diandong                      0x20000068   Data           1  tasks.o(.data)
    zhanglijian_diandong                     0x20000069   Data           1  tasks.o(.data)
    diandong_shineng                         0x2000006a   Data           1  tasks.o(.data)
    qidong_qidong                            0x2000006b   Data           1  tasks.o(.data)
    qidong_tingche                           0x2000006c   Data           1  tasks.o(.data)
    qidong_jiting                            0x2000006d   Data           1  tasks.o(.data)
    qidong_fuwei                             0x2000006e   Data           1  tasks.o(.data)
    zhangli_qidong                           0x2000006f   Data           1  tasks.o(.data)
    baojing_zhuangtai                        0x20000070   Data           2  tasks.o(.data)
    sudu_dangqian                            0x20000072   Data           2  tasks.o(.data)
    Swtmr1_Handle                            0x20000074   Data           4  tasks.o(.data)
    ADC_ConvertedValueLocal1                 0x20000078   Data           4  tasks.o(.data)
    ADC_ConvertedValueLocal2                 0x2000007c   Data           4  tasks.o(.data)
    zhangli_baojing                          0x20000080   Data           1  tasks.o(.data)
    ADC_ConvertedValue                       0x20000082   Data           4  bsp_adc.o(.data)
    IC2Value                                 0x20000086   Data           2  bsp_generaltim.o(.data)
    IC1Value                                 0x20000088   Data           2  bsp_generaltim.o(.data)
    pxCurrentTCB                             0x2000008c   Data           4  tasks_1.o(.data)
    __stdout                                 0x20000100   Data           4  stdout.o(.data)
    SendBuff1                                0x20000104   Data          20  bsp_usart1.o(.bss)
    Usart1_Rx_Buf                            0x20000118   Data         255  bsp_usart1.o(.bss)
    SendBuff2                                0x20000217   Data          20  bsp_usart2.o(.bss)
    Usart2_Rx_Buf                            0x2000022b   Data         255  bsp_usart2.o(.bss)
    xQueueRegistry                           0x2000032c   Data          80  queue.o(.bss)
    __initial_sp                             0x20004a88   Data           0  startup_stm32f10x_md.o(STACK)



==============================================================================

Memory Map of the image

  Image Entry point : 0x080000ed

  Load Region LR_IROM1 (Base: 0x08000000, Size: 0x00006780, Max: 0x00010000, ABSOLUTE)

    Execution Region ER_IROM1 (Base: 0x08000000, Size: 0x0000667c, Max: 0x00010000, ABSOLUTE)

    Base Addr    Size         Type   Attr      Idx    E Section Name        Object

    0x08000000   0x000000ec   Data   RO            3    RESET               startup_stm32f10x_md.o
    0x080000ec   0x00000000   Code   RO          917  * .ARM.Collect$$$$00000000  mc_w.l(entry.o)
    0x080000ec   0x00000004   Code   RO         1215    .ARM.Collect$$$$00000001  mc_w.l(entry2.o)
    0x080000f0   0x00000004   Code   RO         1218    .ARM.Collect$$$$00000004  mc_w.l(entry5.o)
    0x080000f4   0x00000000   Code   RO         1220    .ARM.Collect$$$$00000008  mc_w.l(entry7b.o)
    0x080000f4   0x00000000   Code   RO         1222    .ARM.Collect$$$$0000000A  mc_w.l(entry8b.o)
    0x080000f4   0x00000008   Code   RO         1223    .ARM.Collect$$$$0000000B  mc_w.l(entry9a.o)
    0x080000fc   0x00000000   Code   RO         1225    .ARM.Collect$$$$0000000D  mc_w.l(entry10a.o)
    0x080000fc   0x00000000   Code   RO         1227    .ARM.Collect$$$$0000000F  mc_w.l(entry11a.o)
    0x080000fc   0x00000004   Code   RO         1216    .ARM.Collect$$$$00002712  mc_w.l(entry2.o)
    0x08000100   0x00000096   Code   RO          886    .emb_text           port.o
    0x08000196   0x00000002   PAD
    0x08000198   0x00000024   Code   RO            4    .text               startup_stm32f10x_md.o
    0x080001bc   0x00000158   Code   RO           24    .text               system_stm32f10x.o
    0x08000314   0x000000b0   Code   RO          121    .text               misc.o
    0x080003c4   0x00000330   Code   RO          137    .text               stm32f10x_adc.o
    0x080006f4   0x000001c8   Code   RO          221    .text               stm32f10x_dma.o
    0x080008bc   0x00000264   Code   RO          270    .text               stm32f10x_gpio.o
    0x08000b20   0x000002b8   Code   RO          318    .text               stm32f10x_rcc.o
    0x08000dd8   0x00000af0   Code   RO          369    .text               stm32f10x_tim.o
    0x080018c8   0x00000328   Code   RO          382    .text               stm32f10x_usart.o
    0x08001bf0   0x0000021c   Code   RO          406    .text               main.o
    0x08001e0c   0x00000020   Code   RO          504    .text               stm32f10x_it.o
    0x08001e2c   0x000000cc   Code   RO          532    .text               bsp_led.o
    0x08001ef8   0x00000198   Code   RO          547    .text               bsp_key.o
    0x08002090   0x00000074   Code   RO          559    .text               delay.o
    0x08002104   0x00000b3c   Code   RO          593    .text               tasks.o
    0x08002c40   0x00000108   Code   RO          635    .text               bsp_adc.o
    0x08002d48   0x000002c0   Code   RO          686    .text               bsp_usart1.o
    0x08003008   0x00000258   Code   RO          712    .text               bsp_usart2.o
    0x08003260   0x000005e8   Code   RO          731    .text               data_process.o
    0x08003848   0x00000164   Code   RO          744    .text               bsp_generaltim.o
    0x080039ac   0x00000088   Code   RO          796    .text               list.o
    0x08003a34   0x00000858   Code   RO          808    .text               queue.o
    0x0800428c   0x00000fd0   Code   RO          824    .text               tasks_1.o
    0x0800525c   0x000004ac   Code   RO          856    .text               timers.o
    0x08005708   0x00000214   Code   RO          871    .text               heap_4.o
    0x0800591c   0x000001f4   Code   RO          887    .text               port.o
    0x08005b10   0x00000024   Code   RO          920    .text               mc_w.l(memcpya.o)
    0x08005b34   0x00000024   Code   RO          922    .text               mc_w.l(memseta.o)
    0x08005b58   0x00000018   Code   RO          924    .text               mc_w.l(strcat.o)
    0x08005b70   0x00000064   Code   RO         1189    .text               mf_w.l(fmul.o)
    0x08005bd4   0x0000007c   Code   RO         1191    .text               mf_w.l(fdiv.o)
    0x08005c50   0x00000018   Code   RO         1193    .text               mf_w.l(fscalb.o)
    0x08005c68   0x000000e4   Code   RO         1195    .text               mf_w.l(dmul.o)
    0x08005d4c   0x000000de   Code   RO         1197    .text               mf_w.l(ddiv.o)
    0x08005e2a   0x0000000a   Code   RO         1199    .text               mf_w.l(ffltui.o)
    0x08005e34   0x0000001a   Code   RO         1201    .text               mf_w.l(dfltui.o)
    0x08005e4e   0x00000028   Code   RO         1203    .text               mf_w.l(ffixui.o)
    0x08005e76   0x00000032   Code   RO         1205    .text               mf_w.l(dfixui.o)
    0x08005ea8   0x00000026   Code   RO         1207    .text               mf_w.l(f2d.o)
    0x08005ece   0x00000002   PAD
    0x08005ed0   0x00000030   Code   RO         1209    .text               mf_w.l(cdcmple.o)
    0x08005f00   0x00000030   Code   RO         1211    .text               mf_w.l(cdrcmple.o)
    0x08005f30   0x00000038   Code   RO         1213    .text               mf_w.l(d2f.o)
    0x08005f68   0x00000062   Code   RO         1232    .text               mc_w.l(uldiv.o)
    0x08005fca   0x00000020   Code   RO         1234    .text               mc_w.l(llushr.o)
    0x08005fea   0x00000000   Code   RO         1236    .text               mc_w.l(iusefp.o)
    0x08005fea   0x0000006e   Code   RO         1237    .text               mf_w.l(fepilogue.o)
    0x08006058   0x000000ba   Code   RO         1239    .text               mf_w.l(depilogue.o)
    0x08006112   0x00000002   PAD
    0x08006114   0x00000024   Code   RO         1245    .text               mc_w.l(init.o)
    0x08006138   0x0000001e   Code   RO         1247    .text               mc_w.l(llshl.o)
    0x08006156   0x00000002   PAD
    0x08006158   0x00000020   Code   RO         1135    i.__0printf$8       mc_w.l(printf8.o)
    0x08006178   0x00000028   Code   RO         1137    i.__0sprintf$8      mc_w.l(printf8.o)
    0x080061a0   0x0000000e   Code   RO         1253    i.__scatterload_copy  mc_w.l(handlers.o)
    0x080061ae   0x00000002   Code   RO         1254    i.__scatterload_null  mc_w.l(handlers.o)
    0x080061b0   0x0000000e   Code   RO         1255    i.__scatterload_zeroinit  mc_w.l(handlers.o)
    0x080061be   0x00000002   PAD
    0x080061c0   0x00000410   Code   RO         1142    i._printf_core      mc_w.l(printf8.o)
    0x080065d0   0x00000024   Code   RO         1143    i._printf_post_padding  mc_w.l(printf8.o)
    0x080065f4   0x0000002e   Code   RO         1144    i._printf_pre_padding  mc_w.l(printf8.o)
    0x08006622   0x0000000a   Code   RO         1146    i._sputc            mc_w.l(printf8.o)
    0x0800662c   0x0000002f   Data   RO          594    .constdata          tasks.o
    0x0800665b   0x00000001   PAD
    0x0800665c   0x00000020   Data   RO         1251    Region$$Table       anon$$obj.o


    Execution Region RW_IRAM1 (Base: 0x20000000, Size: 0x00004a88, Max: 0x00005000, ABSOLUTE)

    Base Addr    Size         Type   Attr      Idx    E Section Name        Object

    0x20000000   0x00000014   Data   RW           25    .data               system_stm32f10x.o
    0x20000014   0x00000014   Data   RW          319    .data               stm32f10x_rcc.o
    0x20000028   0x00000020   Data   RW          407    .data               main.o
    0x20000048   0x00000004   Data   RW          560    .data               delay.o
    0x2000004c   0x00000034   Data   RW          597    .data               tasks.o
    0x20000080   0x00000001   Data   RW          599    .data               tasks.o
    0x20000081   0x00000001   PAD
    0x20000082   0x00000004   Data   RW          636    .data               bsp_adc.o
    0x20000086   0x00000004   Data   RW          745    .data               bsp_generaltim.o
    0x2000008a   0x00000002   PAD
    0x2000008c   0x0000003c   Data   RW          826    .data               tasks_1.o
    0x200000c8   0x00000014   Data   RW          858    .data               timers.o
    0x200000dc   0x00000018   Data   RW          873    .data               heap_4.o
    0x200000f4   0x0000000c   Data   RW          888    .data               port.o
    0x20000100   0x00000004   Data   RW         1229    .data               mc_w.l(stdout.o)
    0x20000104   0x00000113   Zero   RW          687    .bss                bsp_usart1.o
    0x20000217   0x00000113   Zero   RW          713    .bss                bsp_usart2.o
    0x2000032a   0x00000002   PAD
    0x2000032c   0x00000050   Zero   RW          809    .bss                queue.o
    0x2000037c   0x000002e4   Zero   RW          825    .bss                tasks_1.o
    0x20000660   0x00000028   Zero   RW          857    .bss                timers.o
    0x20000688   0x00004000   Zero   RW          872    .bss                heap_4.o
    0x20004688   0x00000400   Zero   RW            1    STACK               startup_stm32f10x_md.o


==============================================================================

Image component sizes


      Code (inc. data)   RO Data    RW Data    ZI Data      Debug   Object Name

       264         16          0          4          0       1861   bsp_adc.o
       356         64          0          4          0       2399   bsp_generaltim.o
         0          0          0          0          0       1228   bsp_i2c_ee.o
       408         12          0          0          0       2223   bsp_key.o
       204         12          0          0          0        892   bsp_led.o
       704         34          0          0        275       4254   bsp_usart1.o
       600         16          0          0        275       3500   bsp_usart2.o
         0          0          0          0          0       4504   core_cm3.o
      1512        818          0          0          0       5440   data_process.o
       116          6          0          4          0       1331   delay.o
         0          0          0          0          0       8300   event_groups.o
       532         66          0         24      16384       3792   heap_4.o
       136          0          0          0          0       2014   list.o
       540        170          0         32          0      20609   main.o
       176         14          0          0          0       2093   misc.o
       650         90          0         12          0       8281   port.o
      2136         56          0          0         80      12745   queue.o
        36          8        236          0       1024        968   startup_stm32f10x_md.o
       816         24          0          0          0      11061   stm32f10x_adc.o
       456         10          0          0          0       4738   stm32f10x_dma.o
       612         36          0          0          0       6041   stm32f10x_gpio.o
        32          0          0          0          0       1259   stm32f10x_it.o
       696         32          0         20          0       9064   stm32f10x_rcc.o
      2800         84          0          0          0      23166   stm32f10x_tim.o
       808         22          0          0          0       8812   stm32f10x_usart.o
       344         34          0         20          0     269263   system_stm32f10x.o
      2876        822         47         53          0       9309   tasks.o
      4048        178          0         60        740      29430   tasks_1.o
      1196        130          0         20         40       8263   timers.o

    ----------------------------------------------------------------------
     23056       2754        316        256      18820     466840   Object Totals
         0          0         32          0          0          0   (incl. Generated)
         2          0          1          3          2          0   (incl. Padding)

    ----------------------------------------------------------------------

      Code (inc. data)   RO Data    RW Data    ZI Data      Debug   Library Member Name

         0          0          0          0          0          0   entry.o
         0          0          0          0          0          0   entry10a.o
         0          0          0          0          0          0   entry11a.o
         8          4          0          0          0          0   entry2.o
         4          0          0          0          0          0   entry5.o
         0          0          0          0          0          0   entry7b.o
         0          0          0          0          0          0   entry8b.o
         8          4          0          0          0          0   entry9a.o
        30          0          0          0          0          0   handlers.o
        36          8          0          0          0         68   init.o
         0          0          0          0          0          0   iusefp.o
        30          0          0          0          0         68   llshl.o
        32          0          0          0          0         68   llushr.o
        36          0          0          0          0         68   memcpya.o
        36          0          0          0          0        108   memseta.o
      1204         60          0          0          0        504   printf8.o
         0          0          0          4          0          0   stdout.o
        24          0          0          0          0         68   strcat.o
        98          0          0          0          0         92   uldiv.o
        48          0          0          0          0         68   cdcmple.o
        48          0          0          0          0         68   cdrcmple.o
        56          0          0          0          0         88   d2f.o
       222          0          0          0          0        100   ddiv.o
       186          0          0          0          0        176   depilogue.o
        50          0          0          0          0         76   dfixui.o
        26          0          0          0          0         76   dfltui.o
       228          0          0          0          0         96   dmul.o
        38          0          0          0          0         68   f2d.o
       124          0          0          0          0         88   fdiv.o
       110          0          0          0          0        168   fepilogue.o
        40          0          0          0          0         68   ffixui.o
        10          0          0          0          0         68   ffltui.o
       100          0          0          0          0         76   fmul.o
        24          0          0          0          0         68   fscalb.o

    ----------------------------------------------------------------------
      2864         76          0          4          0       2396   Library Totals
         8          0          0          0          0          0   (incl. Padding)

    ----------------------------------------------------------------------

      Code (inc. data)   RO Data    RW Data    ZI Data      Debug   Library Name

      1546         76          0          4          0       1044   mc_w.l
      1310          0          0          0          0       1352   mf_w.l

    ----------------------------------------------------------------------
      2864         76          0          4          0       2396   Library Totals

    ----------------------------------------------------------------------

==============================================================================


      Code (inc. data)   RO Data    RW Data    ZI Data      Debug   

     25920       2830        316        260      18820     464812   Grand Totals
     25920       2830        316        260      18820     464812   ELF Image Totals
     25920       2830        316        260          0          0   ROM Totals

==============================================================================

    Total RO  Size (Code + RO Data)                26236 (  25.62kB)
    Total RW  Size (RW Data + ZI Data)             19080 (  18.63kB)
    Total ROM Size (Code + RO Data + RW Data)      26496 (  25.88kB)

==============================================================================

